baseline: 124 tests pass
01 SURVIVED      RA extend boundary (>= -> >) (0 behavioral)
02 KILLED        RA always extend on increase (1 behavioral)
03 KILLED        RA minimum bid boundary (< -> <=) (24 behavioral)
04 KILLED        RA settle boundary (< -> <=) (80 behavioral)
05 KILLED        RA phase boundary (< -> <=) (1 behavioral)
06 KILLED        RA unsold quantity boundary (34 behavioral)
07 KILLED        RA reserved quantity boundary (35 behavioral)
08 KILLED        RA creditRefunds not idempotent (4 behavioral)
09 KILLED        RA withdrawRefund keeps totalRefunds (7 behavioral)
10 KILLED        RA auction address allowed as payout wallet (2 behavioral)
11 KILLED        RA anyone accepts pending wallet (2 behavioral)
12 KILLED        RA capacity off by one in minimumBid (4 behavioral)
13 KILLED        RA anyone can increase another bid (1 behavioral)
14 KILLED        RA tokensClaimed counter dropped (2 behavioral)
15 KILLED        RA _send to auction itself allowed (1 behavioral)
16 KILLED        RA pendingProceeds not zeroed (8 behavioral)
17 SURVIVED      RA _unlink drops successor prev (0 behavioral)
18 KILLED        RA _insert drops successor prev (4 behavioral)
19 KILLED        RA displacement escrow not debited (2 behavioral)
20 KILLED        RA gross overcharges one clearing (45 behavioral)
21 KILLED        RA extension window 4 minutes (5 behavioral)
22 KILLED        RA last rank left unassigned (17 behavioral)
23 COMPILE-ERROR RA head/tail swap on unlink of head (0 behavioral)
24 KILLED        AE mint upper bound 101 (1 behavioral)
25 KILLED        AE royalty for any token id (1 behavioral)
26 KILLED        AE revocation of foreign operator blocked (1 behavioral)
27 KILLED        AE tokenURI for unminted id (1 behavioral)
28 KILLED        AE nonce advances on mint (8 behavioral)
29 KILLED        AE royalty rounds down (2 behavioral)
30 KILLED        RM buy expiry inclusive (1 behavioral)
31 KILLED        RM list expiry inclusive (1 behavioral)
32 KILLED        RM buy skips approval precheck (1 behavioral)
33 KILLED        RM credits buyer instead of seller (11 behavioral)
34 KILLED        RM withdraw keeps totalCredits (4 behavioral)
35 KILLED        RM unsafe transferFrom (4 behavioral)
36 KILLED        RM anyone can list (2 behavioral)
37 KILLED        RM cancel twice allowed (1 behavioral)
38 KILLED        RM edition allowed as recipient (1 behavioral)
39 KILLED        RM overpayment accepted (1 behavioral)
40 KILLED        RM token id 101 listable (1 behavioral)
41 KILLED        RM listing nonce recorded stale (+1) (29 behavioral)

38/41 killed; non-killed: ['RA extend boundary (>= -> >)', 'RA _unlink drops successor prev', 'RA head/tail swap on unlink of head']
EXIT 0
