No files changed, compilation skipped

Ran 1 test for test/AuctionInvariant.t.sol:GrowingAuctionInvariantTest
[PASS] invariant_matchesIndependentRankingAndConservesEveryWei() (runs: 16, calls: 512, reverts: 0)

╭----------------+-------------+-------+---------+----------╮
| Contract       | Selector    | Calls | Reverts | Discards |
+===========================================================+
| AuctionHandler | advance     | 76    | 0       | 0        |
|----------------+-------------+-------+---------+----------|
| AuctionHandler | create      | 76    | 0       | 0        |
|----------------+-------------+-------+---------+----------|
| AuctionHandler | createBatch | 74    | 0       | 0        |
|----------------+-------------+-------+---------+----------|
| AuctionHandler | increase    | 75    | 0       | 0        |
|----------------+-------------+-------+---------+----------|
| AuctionHandler | reserve     | 64    | 0       | 0        |
|----------------+-------------+-------+---------+----------|
| AuctionHandler | rotate      | 65    | 0       | 0        |
|----------------+-------------+-------+---------+----------|
| AuctionHandler | withdraw    | 82    | 0       | 0        |
╰----------------+-------------+-------+---------+----------╯

Suite result: ok. 1 passed; 0 failed; 0 skipped; finished in 289.27ms (282.39ms CPU time)

Ran 1 test for test/MarketInvariant.t.sol:MarketInvariantTest
[PASS] invariant_marketConservesTokensAndEthAndPaysRoyalties() (runs: 16, calls: 512, reverts: 0)

╭---------------+-------------------+-------+---------+----------╮
| Contract      | Selector          | Calls | Reverts | Discards |
+================================================================+
| MarketHandler | advance           | 57    | 0       | 0        |
|---------------+-------------------+-------+---------+----------|
| MarketHandler | approval          | 52    | 0       | 0        |
|---------------+-------------------+-------+---------+----------|
| MarketHandler | approveToken      | 60    | 0       | 0        |
|---------------+-------------------+-------+---------+----------|
| MarketHandler | buy               | 51    | 0       | 0        |
|---------------+-------------------+-------+---------+----------|
| MarketHandler | cancel            | 55    | 0       | 0        |
|---------------+-------------------+-------+---------+----------|
| MarketHandler | list              | 60    | 0       | 0        |
|---------------+-------------------+-------+---------+----------|
| MarketHandler | rotate            | 51    | 0       | 0        |
|---------------+-------------------+-------+---------+----------|
| MarketHandler | withdraw          | 64    | 0       | 0        |
|---------------+-------------------+-------+---------+----------|
| MarketHandler | withdrawRoyalties | 62    | 0       | 0        |
╰---------------+-------------------+-------+---------+----------╯

Suite result: ok. 1 passed; 0 failed; 0 skipped; finished in 853.00ms (845.62ms CPU time)

Ran 1 test for test/AuctionInvariant.t.sol:FullAuctionInvariantTest
[PASS] invariant_matchesIndependentRankingAndConservesEveryWei() (runs: 16, calls: 512, reverts: 0)

╭----------------+-------------+-------+---------+----------╮
| Contract       | Selector    | Calls | Reverts | Discards |
+===========================================================+
| AuctionHandler | advance     | 76    | 0       | 0        |
|----------------+-------------+-------+---------+----------|
| AuctionHandler | create      | 76    | 0       | 0        |
|----------------+-------------+-------+---------+----------|
| AuctionHandler | createBatch | 74    | 0       | 0        |
|----------------+-------------+-------+---------+----------|
| AuctionHandler | increase    | 75    | 0       | 0        |
|----------------+-------------+-------+---------+----------|
| AuctionHandler | reserve     | 64    | 0       | 0        |
|----------------+-------------+-------+---------+----------|
| AuctionHandler | rotate      | 65    | 0       | 0        |
|----------------+-------------+-------+---------+----------|
| AuctionHandler | withdraw    | 82    | 0       | 0        |
╰----------------+-------------+-------+---------+----------╯

Suite result: ok. 1 passed; 0 failed; 0 skipped; finished in 1.04s (1.01s CPU time)

Ran 3 test suites in 1.04s (2.18s CPU time): 3 tests passed, 0 failed, 0 skipped (3 total tests)
