No files changed, compilation skipped
Script ran successfully.

== Logs ==
  Edition 0x1F708C24a0D3A740cD47cC0444E9480899f3dA7D
  Royalty recipient 0x70997970C51812dc3A010C7d01b50e0d17dc79C8
  Royalty BPS 1000
  Transfer validator 0xA000027A9B2802E1ddf7000061001e5c005A0000
  Trading list 2
  Next: enable 10 percent enforced earnings for this collection in OpenSea Studio.

## Setting up 1 EVM.

==========================

Chain 31337

Estimated gas price: 1.000000016 gwei

Estimated total gas used for script: 466017

Estimated amount required: 0.000466017007456272 ETH

==========================


==========================

ONCHAIN EXECUTION COMPLETE & SUCCESSFUL.

Transactions saved to: /var/folders/z8/l7lwbjk53j32dvfykd8lwg_r0000gn/T/lntv-trading-script-yhvqz5q5/broadcast/ConfigureTrading.s.sol/31337/run-latest.json

Sensitive values saved to: /Users/aaa/Desktop/dev/LNTV-contracts/cache/ConfigureTrading.s.sol/31337/run-latest.json

2026-09-08T13:47:50.781548Z  WARN foundry_evm_traces::debug::sources: failed to parse contract definitions for lib/forge-std/StdAssertions.sol
2026-09-08T13:47:50.781675Z  WARN foundry_evm_traces::debug::sources: failed to parse contract definitions for lib/forge-std/StdError.sol
2026-09-08T13:47:50.781695Z  WARN foundry_evm_traces::debug::sources: failed to parse contract definitions for lib/forge-std/StdInvariant.sol
2026-09-08T13:47:50.781826Z  WARN foundry_evm_traces::debug::sources: failed to parse contract definitions for lib/forge-std/StdToml.sol
2026-09-08T13:47:50.781868Z  WARN foundry_evm_traces::debug::sources: failed to parse contract definitions for lib/forge-std/Test.sol
2026-09-08T13:47:50.782114Z  WARN foundry_evm_traces::debug::sources: failed to parse contract definitions for lib/openzeppelin-contracts/access/IAccessControl.sol
2026-09-08T13:47:50.782274Z  WARN foundry_evm_traces::debug::sources: failed to parse contract definitions for lib/openzeppelin-contracts/token/ERC1155/ERC1155.sol
2026-09-08T13:47:50.782377Z  WARN foundry_evm_traces::debug::sources: failed to parse contract definitions for lib/openzeppelin-contracts/token/ERC1155/IERC1155Receiver.sol
2026-09-08T13:47:50.782458Z  WARN foundry_evm_traces::debug::sources: failed to parse contract definitions for lib/openzeppelin-contracts/token/ERC1155/extensions/IERC1155MetadataURI.sol
2026-09-08T13:47:50.782480Z  WARN foundry_evm_traces::debug::sources: failed to parse contract definitions for lib/openzeppelin-contracts/token/ERC1155/utils/ERC1155Holder.sol
2026-09-08T13:47:50.782507Z  WARN foundry_evm_traces::debug::sources: failed to parse contract definitions for lib/openzeppelin-contracts/token/ERC1155/utils/ERC1155Utils.sol
2026-09-08T13:47:50.782549Z  WARN foundry_evm_traces::debug::sources: failed to parse contract definitions for lib/openzeppelin-contracts/token/ERC20/ERC20.sol
2026-09-08T13:47:50.782634Z  WARN foundry_evm_traces::debug::sources: failed to parse contract definitions for lib/openzeppelin-contracts/token/ERC20/extensions/IERC20Metadata.sol
2026-09-08T13:47:50.782811Z  WARN foundry_evm_traces::debug::sources: failed to parse contract definitions for lib/openzeppelin-contracts/utils/Arrays.sol
2026-09-08T13:47:50.782855Z  WARN foundry_evm_traces::debug::sources: failed to parse contract definitions for lib/openzeppelin-contracts/utils/Comparators.sol
2026-09-08T13:47:50.782955Z  WARN foundry_evm_traces::debug::sources: failed to parse contract definitions for lib/openzeppelin-contracts/utils/SlotDerivation.sol
2026-09-08T13:47:50.783178Z  WARN foundry_evm_traces::debug::sources: failed to parse contract definitions for lib/openzeppelin-contracts/utils/structs/EnumerableSet.sol
2026-09-08T13:47:50.783270Z  WARN foundry_evm_traces::debug::sources: failed to parse contract definitions for script/Deploy.s.sol
2026-09-08T13:47:50.783420Z  WARN foundry_evm_traces::debug::sources: failed to parse contract definitions for test/AdminAudit.t.sol
2026-09-08T13:47:50.783500Z  WARN foundry_evm_traces::debug::sources: failed to parse contract definitions for test/AdminFeatures.t.sol
2026-09-08T13:47:50.783519Z  WARN foundry_evm_traces::debug::sources: failed to parse contract definitions for test/AuctionInvariant.t.sol
2026-09-08T13:47:50.783596Z  WARN foundry_evm_traces::debug::sources: failed to parse contract definitions for test/BatchBidding.t.sol
2026-09-08T13:47:50.783617Z  WARN foundry_evm_traces::debug::sources: failed to parse contract definitions for test/CrossContractAudit.t.sol
2026-09-08T13:47:50.783697Z  WARN foundry_evm_traces::debug::sources: failed to parse contract definitions for test/Deployment.t.sol
2026-09-08T13:47:50.783713Z  WARN foundry_evm_traces::debug::sources: failed to parse contract definitions for test/MarketInvariant.t.sol
2026-09-08T13:47:50.783792Z  WARN foundry_evm_traces::debug::sources: failed to parse contract definitions for test/Metadata.t.sol
2026-09-08T13:47:50.783813Z  WARN foundry_evm_traces::debug::sources: failed to parse contract definitions for test/MutationBehavior.t.sol
2026-09-08T13:47:50.783835Z  WARN foundry_evm_traces::debug::sources: failed to parse contract definitions for test/OpenSeaIntegration.t.sol
2026-09-08T13:47:50.783861Z  WARN foundry_evm_traces::debug::sources: failed to parse contract definitions for test/PayoutWallet.t.sol
2026-09-08T13:47:50.783885Z  WARN foundry_evm_traces::debug::sources: failed to parse contract definitions for test/RankedAuction.t.sol
2026-09-08T13:47:50.783911Z  WARN foundry_evm_traces::debug::sources: failed to parse contract definitions for test/RefundRecovery.t.sol
2026-09-08T13:47:50.783937Z  WARN foundry_evm_traces::debug::sources: failed to parse contract definitions for test/RoyaltyMarketplace.t.sol
2026-09-08T13:47:50.783960Z  WARN foundry_evm_traces::debug::sources: failed to parse contract definitions for test/TestBase.sol
2026-09-08T13:47:50.783983Z  WARN foundry_evm_traces::debug::sources: failed to parse contract definitions for test/TieredAllocation.t.sol
2026-09-08T13:47:50.784003Z  WARN foundry_evm_traces::debug::sources: failed to parse contract definitions for test/TradingTestSetup.sol
2026-09-08T13:47:50.784032Z  WARN foundry_evm_traces::debug::sources: failed to parse contract definitions for test/vendor/opensea-zone/lib/erc721c-seaport/src/interfaces/IAuthorizedTransferSecurityRegistry.sol
2026-09-08T13:47:50.784062Z  WARN foundry_evm_traces::debug::sources: failed to parse contract definitions for test/vendor/opensea-zone/src/main/interfaces/ZoneInterface.sol
2026-09-08T13:47:50.784094Z  WARN foundry_evm_traces::debug::sources: failed to parse contract definitions for test/vendor/opensea-zone/src/main/zones/interfaces/SIP5Interface.sol
2026-09-08T13:47:50.784123Z  WARN foundry_evm_traces::debug::sources: failed to parse contract definitions for test/vendor/opensea-zone/src/main/zones/signed-zone/interfaces/SignedZoneControllerInterface.sol
2026-09-08T13:47:50.784145Z  WARN foundry_evm_traces::debug::sources: failed to parse contract definitions for test/vendor/opensea-zone/src/main/zones/signed-zone/interfaces/SignedZoneEventsAndErrors.sol
2026-09-08T13:47:50.784190Z  WARN foundry_evm_traces::debug::sources: failed to parse contract definitions for test/vendor/opensea-zone/src/main/zones/signed-zone/signed-zone-sub-1/SignedZone.sol
2026-09-08T13:47:50.784213Z  WARN foundry_evm_traces::debug::sources: failed to parse contract definitions for test/vendor/opensea-zone/src/main/zones/signed-zone/signed-zone-sub-1/lib/SignedZoneConstants.sol
2026-09-08T13:47:50.784265Z  WARN foundry_evm_traces::debug::sources: failed to parse contract definitions for test/vendor/opensea-zone/src/types/helpers/PointerLibraries.sol
2026-09-08T13:47:50.784286Z  WARN foundry_evm_traces::debug::sources: failed to parse contract definitions for test/vendor/opensea-zone/src/types/interfaces/IERC165.sol
2026-09-08T13:47:50.784311Z  WARN foundry_evm_traces::debug::sources: failed to parse contract definitions for test/vendor/opensea-zone/src/types/interfaces/ZoneInterface.sol
2026-09-08T13:47:50.784334Z  WARN foundry_evm_traces::debug::sources: failed to parse contract definitions for test/vendor/opensea-zone/src/types/lib/ConsiderationEnums.sol
2026-09-08T13:47:50.784374Z  WARN foundry_evm_traces::debug::sources: failed to parse contract definitions for test/vendor/opensea-zone/src/types/lib/ConsiderationStructs.sol
2026-09-08T13:47:50.784395Z  WARN foundry_evm_traces::debug::sources: failed to parse contract definitions for test/vendor/opensea/lib/tstorish/src/Tstorish.sol
2026-09-08T13:47:50.784419Z  WARN foundry_evm_traces::debug::sources: failed to parse contract definitions for test/vendor/opensea/src/StrictAuthorizedTransferSecurityRegistry.sol
2026-09-08T13:47:50.784443Z  WARN foundry_evm_traces::debug::sources: failed to parse contract definitions for test/vendor/opensea/src/StrictAuthorizedTransferSecurityRegistryExtraViewFns.sol
2026-09-08T13:47:50.784462Z  WARN foundry_evm_traces::debug::sources: failed to parse contract definitions for test/vendor/opensea/src/interfaces/ICreatorTokenTransferValidator.sol
2026-09-08T13:47:50.784486Z  WARN foundry_evm_traces::debug::sources: failed to parse contract definitions for test/vendor/opensea/src/interfaces/IEOARegistry.sol
2026-09-08T13:47:50.784505Z  WARN foundry_evm_traces::debug::sources: failed to parse contract definitions for test/vendor/opensea/src/interfaces/IOwnable.sol
2026-09-08T13:47:50.784528Z  WARN foundry_evm_traces::debug::sources: failed to parse contract definitions for test/vendor/opensea/src/interfaces/IStrictAuthorizedTransferSecurityRegistry.sol
2026-09-08T13:47:50.784581Z  WARN foundry_evm_traces::debug::sources: failed to parse contract definitions for test/vendor/opensea/src/interfaces/ITransferSecurityRegistry.sol
2026-09-08T13:47:50.784604Z  WARN foundry_evm_traces::debug::sources: failed to parse contract definitions for test/vendor/opensea/src/interfaces/ITransferValidator.sol
2026-09-08T13:47:50.784625Z  WARN foundry_evm_traces::debug::sources: failed to parse contract definitions for test/vendor/opensea/src/utils/TransferPolicy.sol
2026-09-08T13:47:50.793811Z  WARN evm::traces::external: etherscan config not found
