No files changed, compilation skipped
Script ran successfully.

== Return ==
deployed: contract RankedAuction 0x5FbDB2315678afecb367f032d93F642f64180aa3

== Logs ==
  Chain ID 31337
  Shared payout wallet 0x70997970C51812dc3A010C7d01b50e0d17dc79C8
  Royalty BPS 750
  Reserve (wei) 10000000000000000
  Start (unix seconds) 1788878863
  Initial end (unix seconds) 1789051663
  Initial off-chain metadata base URI https://metadata.example/local-e2e/
  ERC-721 collection name Local ERC721 NFTs
  ERC-721 symbol L721
  Auction 0x5FbDB2315678afecb367f032d93F642f64180aa3
  Edition 0xa16E02E87b7454126E5E10d957A927A7F5B5d2be
  Royalty marketplace 0x8Ff3801288a85ea261E4277d44E1131Ea736F77B

## Setting up 1 EVM.

==========================

Chain 31337

Estimated gas price: 2.000000001 gwei

Estimated total gas used for script: 8870600

Estimated amount required: 0.0177412000088706 ETH

==========================


==========================

ONCHAIN EXECUTION COMPLETE & SUCCESSFUL.

Transactions saved to: /var/folders/z8/l7lwbjk53j32dvfykd8lwg_r0000gn/T/auction-e2e-e0ow4yrg/broadcast/Deploy.s.sol/31337/run-latest.json

Sensitive values saved to: /Users/aaa/Desktop/dev/LNTV-contracts/cache/Deploy.s.sol/31337/run-latest.json

2026-09-08T13:47:43.489381Z  WARN foundry_evm_traces::debug::sources: failed to parse contract definitions for lib/forge-std/StdAssertions.sol
2026-09-08T13:47:43.489847Z  WARN foundry_evm_traces::debug::sources: failed to parse contract definitions for lib/forge-std/StdError.sol
2026-09-08T13:47:43.489910Z  WARN foundry_evm_traces::debug::sources: failed to parse contract definitions for lib/forge-std/StdInvariant.sol
2026-09-08T13:47:43.490039Z  WARN foundry_evm_traces::debug::sources: failed to parse contract definitions for lib/forge-std/StdToml.sol
2026-09-08T13:47:43.490157Z  WARN foundry_evm_traces::debug::sources: failed to parse contract definitions for lib/forge-std/Test.sol
2026-09-08T13:47:43.490424Z  WARN foundry_evm_traces::debug::sources: failed to parse contract definitions for lib/openzeppelin-contracts/access/IAccessControl.sol
2026-09-08T13:47:43.490626Z  WARN foundry_evm_traces::debug::sources: failed to parse contract definitions for lib/openzeppelin-contracts/token/ERC1155/ERC1155.sol
2026-09-08T13:47:43.490668Z  WARN foundry_evm_traces::debug::sources: failed to parse contract definitions for lib/openzeppelin-contracts/token/ERC1155/IERC1155Receiver.sol
2026-09-08T13:47:43.490713Z  WARN foundry_evm_traces::debug::sources: failed to parse contract definitions for lib/openzeppelin-contracts/token/ERC1155/extensions/IERC1155MetadataURI.sol
2026-09-08T13:47:43.490734Z  WARN foundry_evm_traces::debug::sources: failed to parse contract definitions for lib/openzeppelin-contracts/token/ERC1155/utils/ERC1155Holder.sol
2026-09-08T13:47:43.490766Z  WARN foundry_evm_traces::debug::sources: failed to parse contract definitions for lib/openzeppelin-contracts/token/ERC1155/utils/ERC1155Utils.sol
2026-09-08T13:47:43.490796Z  WARN foundry_evm_traces::debug::sources: failed to parse contract definitions for lib/openzeppelin-contracts/token/ERC20/ERC20.sol
2026-09-08T13:47:43.490927Z  WARN foundry_evm_traces::debug::sources: failed to parse contract definitions for lib/openzeppelin-contracts/token/ERC20/extensions/IERC20Metadata.sol
2026-09-08T13:47:43.491133Z  WARN foundry_evm_traces::debug::sources: failed to parse contract definitions for lib/openzeppelin-contracts/utils/Arrays.sol
2026-09-08T13:47:43.491236Z  WARN foundry_evm_traces::debug::sources: failed to parse contract definitions for lib/openzeppelin-contracts/utils/Comparators.sol
2026-09-08T13:47:43.491321Z  WARN foundry_evm_traces::debug::sources: failed to parse contract definitions for lib/openzeppelin-contracts/utils/SlotDerivation.sol
2026-09-08T13:47:43.491639Z  WARN foundry_evm_traces::debug::sources: failed to parse contract definitions for lib/openzeppelin-contracts/utils/structs/EnumerableSet.sol
2026-09-08T13:47:43.491684Z  WARN foundry_evm_traces::debug::sources: failed to parse contract definitions for script/ConfigureTrading.s.sol
2026-09-08T13:47:43.491860Z  WARN foundry_evm_traces::debug::sources: failed to parse contract definitions for test/AdminAudit.t.sol
2026-09-08T13:47:43.491888Z  WARN foundry_evm_traces::debug::sources: failed to parse contract definitions for test/AdminFeatures.t.sol
2026-09-08T13:47:43.491951Z  WARN foundry_evm_traces::debug::sources: failed to parse contract definitions for test/AuctionInvariant.t.sol
2026-09-08T13:47:43.492001Z  WARN foundry_evm_traces::debug::sources: failed to parse contract definitions for test/BatchBidding.t.sol
2026-09-08T13:47:43.492032Z  WARN foundry_evm_traces::debug::sources: failed to parse contract definitions for test/CrossContractAudit.t.sol
2026-09-08T13:47:43.492081Z  WARN foundry_evm_traces::debug::sources: failed to parse contract definitions for test/Deployment.t.sol
2026-09-08T13:47:43.492106Z  WARN foundry_evm_traces::debug::sources: failed to parse contract definitions for test/MarketInvariant.t.sol
2026-09-08T13:47:43.492172Z  WARN foundry_evm_traces::debug::sources: failed to parse contract definitions for test/Metadata.t.sol
2026-09-08T13:47:43.492226Z  WARN foundry_evm_traces::debug::sources: failed to parse contract definitions for test/MutationBehavior.t.sol
2026-09-08T13:47:43.492259Z  WARN foundry_evm_traces::debug::sources: failed to parse contract definitions for test/OpenSeaIntegration.t.sol
2026-09-08T13:47:43.492314Z  WARN foundry_evm_traces::debug::sources: failed to parse contract definitions for test/PayoutWallet.t.sol
2026-09-08T13:47:43.492354Z  WARN foundry_evm_traces::debug::sources: failed to parse contract definitions for test/RankedAuction.t.sol
2026-09-08T13:47:43.492405Z  WARN foundry_evm_traces::debug::sources: failed to parse contract definitions for test/RefundRecovery.t.sol
2026-09-08T13:47:43.492470Z  WARN foundry_evm_traces::debug::sources: failed to parse contract definitions for test/RoyaltyMarketplace.t.sol
2026-09-08T13:47:43.492502Z  WARN foundry_evm_traces::debug::sources: failed to parse contract definitions for test/TestBase.sol
2026-09-08T13:47:43.492529Z  WARN foundry_evm_traces::debug::sources: failed to parse contract definitions for test/TieredAllocation.t.sol
2026-09-08T13:47:43.492551Z  WARN foundry_evm_traces::debug::sources: failed to parse contract definitions for test/TradingTestSetup.sol
2026-09-08T13:47:43.492580Z  WARN foundry_evm_traces::debug::sources: failed to parse contract definitions for test/vendor/opensea-zone/lib/erc721c-seaport/src/interfaces/IAuthorizedTransferSecurityRegistry.sol
2026-09-08T13:47:43.492609Z  WARN foundry_evm_traces::debug::sources: failed to parse contract definitions for test/vendor/opensea-zone/src/main/interfaces/ZoneInterface.sol
2026-09-08T13:47:43.492633Z  WARN foundry_evm_traces::debug::sources: failed to parse contract definitions for test/vendor/opensea-zone/src/main/zones/interfaces/SIP5Interface.sol
2026-09-08T13:47:43.492676Z  WARN foundry_evm_traces::debug::sources: failed to parse contract definitions for test/vendor/opensea-zone/src/main/zones/signed-zone/interfaces/SignedZoneControllerInterface.sol
2026-09-08T13:47:43.492711Z  WARN foundry_evm_traces::debug::sources: failed to parse contract definitions for test/vendor/opensea-zone/src/main/zones/signed-zone/interfaces/SignedZoneEventsAndErrors.sol
2026-09-08T13:47:43.492760Z  WARN foundry_evm_traces::debug::sources: failed to parse contract definitions for test/vendor/opensea-zone/src/main/zones/signed-zone/signed-zone-sub-1/SignedZone.sol
2026-09-08T13:47:43.492803Z  WARN foundry_evm_traces::debug::sources: failed to parse contract definitions for test/vendor/opensea-zone/src/main/zones/signed-zone/signed-zone-sub-1/lib/SignedZoneConstants.sol
2026-09-08T13:47:43.492846Z  WARN foundry_evm_traces::debug::sources: failed to parse contract definitions for test/vendor/opensea-zone/src/types/helpers/PointerLibraries.sol
2026-09-08T13:47:43.492926Z  WARN foundry_evm_traces::debug::sources: failed to parse contract definitions for test/vendor/opensea-zone/src/types/interfaces/IERC165.sol
2026-09-08T13:47:43.492967Z  WARN foundry_evm_traces::debug::sources: failed to parse contract definitions for test/vendor/opensea-zone/src/types/interfaces/ZoneInterface.sol
2026-09-08T13:47:43.493001Z  WARN foundry_evm_traces::debug::sources: failed to parse contract definitions for test/vendor/opensea-zone/src/types/lib/ConsiderationEnums.sol
2026-09-08T13:47:43.493029Z  WARN foundry_evm_traces::debug::sources: failed to parse contract definitions for test/vendor/opensea-zone/src/types/lib/ConsiderationStructs.sol
2026-09-08T13:47:43.493057Z  WARN foundry_evm_traces::debug::sources: failed to parse contract definitions for test/vendor/opensea/lib/tstorish/src/Tstorish.sol
2026-09-08T13:47:43.493082Z  WARN foundry_evm_traces::debug::sources: failed to parse contract definitions for test/vendor/opensea/src/StrictAuthorizedTransferSecurityRegistry.sol
2026-09-08T13:47:43.493122Z  WARN foundry_evm_traces::debug::sources: failed to parse contract definitions for test/vendor/opensea/src/StrictAuthorizedTransferSecurityRegistryExtraViewFns.sol
2026-09-08T13:47:43.493143Z  WARN foundry_evm_traces::debug::sources: failed to parse contract definitions for test/vendor/opensea/src/interfaces/ICreatorTokenTransferValidator.sol
2026-09-08T13:47:43.493161Z  WARN foundry_evm_traces::debug::sources: failed to parse contract definitions for test/vendor/opensea/src/interfaces/IEOARegistry.sol
2026-09-08T13:47:43.493186Z  WARN foundry_evm_traces::debug::sources: failed to parse contract definitions for test/vendor/opensea/src/interfaces/IOwnable.sol
2026-09-08T13:47:43.493238Z  WARN foundry_evm_traces::debug::sources: failed to parse contract definitions for test/vendor/opensea/src/interfaces/IStrictAuthorizedTransferSecurityRegistry.sol
2026-09-08T13:47:43.493277Z  WARN foundry_evm_traces::debug::sources: failed to parse contract definitions for test/vendor/opensea/src/interfaces/ITransferSecurityRegistry.sol
2026-09-08T13:47:43.493297Z  WARN foundry_evm_traces::debug::sources: failed to parse contract definitions for test/vendor/opensea/src/interfaces/ITransferValidator.sol
2026-09-08T13:47:43.493341Z  WARN foundry_evm_traces::debug::sources: failed to parse contract definitions for test/vendor/opensea/src/utils/TransferPolicy.sol
2026-09-08T13:47:43.517869Z  WARN evm::traces::external: etherscan config not found
