
> ranked-edition-auction@1.0.0 audit
> bash scripts/audit.sh


> ranked-edition-auction@1.0.0 format:check
> node scripts/foundry.mjs forge fmt --check

TAP version 13
# Subtest: the audit runner propagates native tool failures
ok 1 - the audit runner propagates native tool failures
  ---
  duration_ms: 31.993458
  ...
# Subtest: the audit runner propagates success
ok 2 - the audit runner propagates success
  ---
  duration_ms: 29.283708
  ...
1..2
# tests 2
# suites 0
# pass 2
# fail 0
# cancelled 0
# skipped 0
# todo 0
# duration_ms 96.29625
.......
----------------------------------------------------------------------
Ran 7 tests in 0.228s

OK
PASS: 14 individually reviewed Slither findings; no unreviewed findings or source drift.
PASS: all production contracts have 100% instrumented line, branch and function coverage.
Extended audit fuzz seed: 0x20260907
Suite result: ok. 1 passed; 0 failed; 0 skipped; finished in 480.93s (480.93s CPU time)

Ran 10 test suites in 480.93s (1028.30s CPU time): 111 tests passed, 0 failed, 0 skipped (111 total tests)
KILLED: zero outbid increment
KILLED: old 2.5 percent outbid increment restored
KILLED: zero increase increment
KILLED: wrong supply
KILLED: two-hour extension cap restored
KILLED: extension timestamp narrowed
KILLED: reversed tie priority
KILLED: loser refund shortfall
KILLED: wrong clearing price
KILLED: settlement double liability
KILLED: stealable claims
KILLED: repeatable refund credit
KILLED: repeatable token claim
KILLED: stolen payout funds
KILLED: auction reentrancy guard removed
KILLED: royalty transfer bypass
KILLED: missing supply accounting
KILLED: zeroed royalties
KILLED: free purchase
KILLED: royalty double credit
KILLED: unauthorized cancellation
KILLED: repeatable marketplace withdrawal
KILLED: marketplace reentrancy guard removed
KILLED: primary auction royalty deduction
KILLED: unauthorized wallet acceptance
KILLED: wallet nomination takes immediate control
KILLED: accepted wallet not applied
KILLED: stale pending wallet retained
KILLED: unsafe payout wallet allowed
KILLED: rotation erases accrued auction proceeds
KILLED: royalty recipient ignores shared wallet
KILLED: stealable trading royalties
KILLED: repeatable royalty withdrawal
KILLED: forced third-party mint delivery
KILLED: royalty pool double credit
KILLED: rank-to-token assignment reversed
KILLED: bid ID used instead of awarded token ID
KILLED: unsold mint consumes winning token IDs
KILLED: unauthorized ERC721 mint
KILLED: ERC721 token approval bypass
KILLED: missing transfer nonce
KILLED: stale listing nonce ignored
KILLED: ERC721 listing stays active after sale
KILLED: ERC721 supply exceeds 100
KILLED: ERC721 receiver check bypassed
KILLED: top winner gets cutoff discount
KILLED: regular winner pays full bid
KILLED: uniform primary proceeds restored
KILLED: empty auction settlement underflows
KILLED: wrong initial duration
KILLED: wrong reserved allocation
KILLED: reserved IDs overlap auction
KILLED: reserved batch ignores quantity
KILLED: reserved batch starts at wrong ID
KILLED: metadata ignores token ID
KILLED: metadata slash validation bypassed
All 56 intentional regressions were detected by tests.
{
  "chainId": 31337,
  "result": "PASS",
  "auction": "0x5FbDB2315678afecb367f032d93F642f64180aa3",
  "edition": "0xa16E02E87b7454126E5E10d957A927A7F5B5d2be",
  "marketplace": "0x8Ff3801288a85ea261E4277d44E1131Ea736F77B",
  "gasUsed": {
    "atomic_deployment": 4826220,
    "reserve_4": 187705,
    "worst_bid": 590731,
    "settle": 772183,
    "claim_88": 3303806,
    "secondary_sale": 182611,
    "payout_rotation_accept": 30723,
    "reserve_6": 218657
  },
  "bids": 92,
  "minted": 100,
  "auctionEndingLiabilities": 0,
  "marketEndingLiabilities": 0,
  "auctionRoyalties": 0,
  "initialPayoutWallet": "0x70997970C51812dc3A010C7d01b50e0d17dc79C8",
  "finalPayoutWallet": "0x3C44CdDdB6a900fa2b585dd299e03d12FA4293BC",
  "walletRotation": "Two-step acceptance, old-wallet revocation, accrued and future revenue",
  "secondarySales": 2,
  "tokenStandard": "ERC-721",
  "tokenIds": "1-90 by final rank; 91-100 reserved",
  "metadata": "Fixed per-token off-chain endpoints; reveal policy belongs to the metadata service",
  "pricing": "Top bid pays full; ranks 2-90 pay 90th winning bid or reserve if undersubscribed",
  "initialDurationSeconds": 86400,
  "auctionedSupply": 90,
  "reservedSupply": 10,
  "outbidBps": 500,
  "extensionLimit": null,
  "lateRankChangingIncreases": 30,
  "extensionSecondsAfterOriginalClose": 8970,
  "deploymentCheckerNegativeCases": [
    "incorrect royalty configuration rejected",
    "unexpected current payout wallet rejected",
    "unexpected pending payout wallet rejected",
    "inconsistent immutable bytecode rejected"
  ],
  "claimAuthorization": "Third-party forced mint rejected; winning bidders claim successfully"
}
PASS: all audit gates completed. Reports: audit/generated/
