Clean baseline: 146 tests passed; required behavioral scenarios present.
KILLED: zero outbid increment (4 behavioral tests)
KILLED: old 2.5 percent outbid increment restored (2 behavioral tests)
KILLED: zero increase increment (4 behavioral tests)
KILLED: old 0.5 percent increase increment restored (2 behavioral tests)
KILLED: wrong supply (74 behavioral tests)
KILLED: two-hour extension cap restored (2 behavioral tests)
KILLED: extension timestamp narrowed (2 behavioral tests)
KILLED: reversed tie priority (8 behavioral tests)
KILLED: loser refund shortfall (6 behavioral tests)
KILLED: wrong clearing price (28 behavioral tests)
KILLED: settlement double liability (32 behavioral tests)
KILLED: stealable claims (4 behavioral tests)
KILLED: repeatable refund credit (4 behavioral tests)
KILLED: repeatable token claim (2 behavioral tests)
KILLED: stolen payout funds (8 behavioral tests)
KILLED: auction reentrancy guard removed (6 behavioral tests)
KILLED: royalty transfer bypass (2 behavioral tests)
KILLED: missing supply accounting (13 behavioral tests)
KILLED: zeroed royalties (21 behavioral tests)
KILLED: free purchase (2 behavioral tests)
KILLED: royalty double credit (15 behavioral tests)
KILLED: unauthorized cancellation (2 behavioral tests)
KILLED: repeatable marketplace withdrawal (2 behavioral tests)
KILLED: marketplace reentrancy guard removed (4 behavioral tests)
KILLED: primary auction royalty deduction (39 behavioral tests)
KILLED: unauthorized wallet acceptance (3 behavioral tests)
KILLED: wallet nomination takes immediate control (8 behavioral tests)
KILLED: accepted wallet not applied (15 behavioral tests)
KILLED: stale pending wallet retained (7 behavioral tests)
KILLED: unsafe payout wallet allowed (2 behavioral tests)
KILLED: rotation erases accrued auction proceeds (4 behavioral tests)
KILLED: royalty recipient ignores shared wallet (16 behavioral tests)
KILLED: stealable trading royalties (4 behavioral tests)
KILLED: repeatable royalty withdrawal (4 behavioral tests)
KILLED: forced third-party mint delivery (2 behavioral tests)
KILLED: royalty pool double credit (17 behavioral tests)
KILLED: rank-to-token assignment reversed (17 behavioral tests)
KILLED: bid ID used instead of awarded token ID (8 behavioral tests)
KILLED: unsold mint consumes winning token IDs (5 behavioral tests)
KILLED: unauthorized ERC721 mint (2 behavioral tests)
KILLED: ERC721 token approval bypass (2 behavioral tests)
KILLED: missing transfer nonce (5 behavioral tests)
KILLED: stale listing nonce ignored (2 behavioral tests)
KILLED: ERC721 listing stays active after sale (3 behavioral tests)
KILLED: ERC721 supply exceeds 100 (2 behavioral tests)
KILLED: ERC721 receiver check bypassed (9 behavioral tests)
KILLED: top winner gets cutoff discount (14 behavioral tests)
KILLED: regular winner pays full bid (31 behavioral tests)
KILLED: uniform primary proceeds restored (35 behavioral tests)
KILLED: empty auction settlement underflows (35 behavioral tests)
KILLED: wrong initial duration (5 behavioral tests)
KILLED: old 24-hour duration restored (5 behavioral tests)
KILLED: old five-minute extension restored (6 behavioral tests)
KILLED: 24-hour extension cap introduced (2 behavioral tests)
KILLED: recovery authorization removed (2 behavioral tests)
KILLED: recovery settlement guard removed (2 behavioral tests)
KILLED: recovery available before deadline (3 behavioral tests)
KILLED: refund period shortened (5 behavioral tests)
KILLED: refund period lengthened (20 behavioral tests)
KILLED: refund deadline ignores extensions (2 behavioral tests)
KILLED: refund expiry guards removed (5 behavioral tests)
KILLED: expired refunds still advertised (15 behavioral tests)
KILLED: recovery retains escrow (16 behavioral tests)
KILLED: recovery retains refund accounting (14 behavioral tests)
KILLED: recovery retains proceeds accounting (17 behavioral tests)
KILLED: recovery ignores forced surplus (3 behavioral tests)
KILLED: recovery reentrancy guard removed (2 behavioral tests)
KILLED: wrong reserved allocation (5 behavioral tests)
KILLED: reserved IDs overlap auction (39 behavioral tests)
KILLED: reserved batch ignores quantity (3 behavioral tests)
KILLED: reserved batch starts at wrong ID (41 behavioral tests)
KILLED: metadata ignores token ID (4 behavioral tests)
KILLED: metadata slash validation bypassed (2 behavioral tests)
All 73 intentional regressions were detected by at least two behavioral tests.
