
> @lntv/contracts@2.0.0 audit
> bash scripts/audit.sh


> @lntv/contracts@2.0.0 format:check
> node scripts/foundry.mjs forge fmt --check

TAP version 13
# Subtest: the audit runner propagates native tool failures
ok 1 - the audit runner propagates native tool failures
  ---
  duration_ms: 28.65175
  type: 'test'
  ...
# Subtest: the audit runner propagates success
ok 2 - the audit runner propagates success
  ---
  duration_ms: 25.829583
  type: 'test'
  ...
1..2
# tests 2
# suites 0
# pass 2
# fail 0
# cancelled 0
# skipped 0
# todo 0
# duration_ms 85.418708
.......
----------------------------------------------------------------------
Ran 7 tests in 0.245s

OK
..............
----------------------------------------------------------------------
Ran 14 tests in 0.000s

OK
PASS: 18 individually reviewed Slither findings; no unreviewed findings or source drift.
PASS: all production contracts have 100% instrumented line, branch and function coverage.
Extended audit fuzz seed: 0x2026090828
Suite result: ok. 1 passed; 0 failed; 0 skipped; finished in 438.45s (438.45s CPU time)

Ran 12 test suites in 438.45s (1036.96s CPU time): 149 tests passed, 0 failed, 0 skipped (149 total tests)
Clean baseline: 146 tests passed; required behavioral scenarios present.
KILLED: zero outbid increment (4 behavioral tests)
KILLED: old 2.5 percent outbid increment restored (2 behavioral tests)
KILLED: zero increase increment (4 behavioral tests)
KILLED: old 0.5 percent increase increment restored (2 behavioral tests)
KILLED: wrong supply (74 behavioral tests)
KILLED: two-hour extension cap restored (2 behavioral tests)
KILLED: extension timestamp narrowed (2 behavioral tests)
KILLED: reversed tie priority (8 behavioral tests)
KILLED: loser refund shortfall (6 behavioral tests)
KILLED: wrong clearing price (28 behavioral tests)
KILLED: settlement double liability (32 behavioral tests)
KILLED: stealable claims (4 behavioral tests)
KILLED: repeatable refund credit (4 behavioral tests)
KILLED: repeatable token claim (2 behavioral tests)
KILLED: stolen payout funds (8 behavioral tests)
KILLED: auction reentrancy guard removed (6 behavioral tests)
KILLED: royalty transfer bypass (2 behavioral tests)
KILLED: missing supply accounting (13 behavioral tests)
KILLED: zeroed royalties (21 behavioral tests)
KILLED: free purchase (2 behavioral tests)
KILLED: royalty double credit (15 behavioral tests)
KILLED: unauthorized cancellation (2 behavioral tests)
KILLED: repeatable marketplace withdrawal (2 behavioral tests)
KILLED: marketplace reentrancy guard removed (4 behavioral tests)
KILLED: primary auction royalty deduction (39 behavioral tests)
KILLED: unauthorized wallet acceptance (3 behavioral tests)
KILLED: wallet nomination takes immediate control (8 behavioral tests)
KILLED: accepted wallet not applied (15 behavioral tests)
KILLED: stale pending wallet retained (7 behavioral tests)
KILLED: unsafe payout wallet allowed (2 behavioral tests)
KILLED: rotation erases accrued auction proceeds (4 behavioral tests)
KILLED: royalty recipient ignores shared wallet (16 behavioral tests)
KILLED: stealable trading royalties (4 behavioral tests)
KILLED: repeatable royalty withdrawal (4 behavioral tests)
KILLED: forced third-party mint delivery (2 behavioral tests)
KILLED: royalty pool double credit (17 behavioral tests)
KILLED: rank-to-token assignment reversed (17 behavioral tests)
KILLED: bid ID used instead of awarded token ID (8 behavioral tests)
KILLED: unsold mint consumes winning token IDs (5 behavioral tests)
KILLED: unauthorized ERC721 mint (2 behavioral tests)
KILLED: ERC721 token approval bypass (2 behavioral tests)
KILLED: missing transfer nonce (5 behavioral tests)
KILLED: stale listing nonce ignored (2 behavioral tests)
KILLED: ERC721 listing stays active after sale (3 behavioral tests)
KILLED: ERC721 supply exceeds 100 (2 behavioral tests)
KILLED: ERC721 receiver check bypassed (9 behavioral tests)
KILLED: top winner gets cutoff discount (14 behavioral tests)
KILLED: regular winner pays full bid (31 behavioral tests)
KILLED: uniform primary proceeds restored (35 behavioral tests)
KILLED: empty auction settlement underflows (35 behavioral tests)
KILLED: wrong initial duration (5 behavioral tests)
KILLED: old 24-hour duration restored (5 behavioral tests)
KILLED: old five-minute extension restored (6 behavioral tests)
KILLED: 24-hour extension cap introduced (2 behavioral tests)
KILLED: recovery authorization removed (2 behavioral tests)
KILLED: recovery settlement guard removed (2 behavioral tests)
KILLED: recovery available before deadline (3 behavioral tests)
KILLED: refund period shortened (5 behavioral tests)
KILLED: refund period lengthened (20 behavioral tests)
KILLED: refund deadline ignores extensions (2 behavioral tests)
KILLED: refund expiry guards removed (5 behavioral tests)
KILLED: expired refunds still advertised (15 behavioral tests)
KILLED: recovery retains escrow (16 behavioral tests)
KILLED: recovery retains refund accounting (14 behavioral tests)
KILLED: recovery retains proceeds accounting (17 behavioral tests)
KILLED: recovery ignores forced surplus (3 behavioral tests)
KILLED: recovery reentrancy guard removed (2 behavioral tests)
KILLED: wrong reserved allocation (5 behavioral tests)
KILLED: reserved IDs overlap auction (39 behavioral tests)
KILLED: reserved batch ignores quantity (3 behavioral tests)
KILLED: reserved batch starts at wrong ID (41 behavioral tests)
KILLED: metadata ignores token ID (4 behavioral tests)
KILLED: metadata slash validation bypassed (2 behavioral tests)
All 73 intentional regressions were detected by at least two behavioral tests.
{
  "chainId": 31337,
  "result": "PASS",
  "auction": "0x5FbDB2315678afecb367f032d93F642f64180aa3",
  "edition": "0xa16E02E87b7454126E5E10d957A927A7F5B5d2be",
  "marketplace": "0x8Ff3801288a85ea261E4277d44E1131Ea736F77B",
  "gasUsed": {
    "atomic_deployment": 4924078,
    "reserve_4": 187705,
    "worst_bid": 590731,
    "settle": 772205,
    "claim_88": 3303828,
    "secondary_sale": 182611,
    "payout_rotation_accept": 30746,
    "reserve_6": 218657
  },
  "bids": 92,
  "minted": 100,
  "auctionEndingLiabilities": 0,
  "marketEndingLiabilities": 0,
  "auctionRoyalties": 0,
  "initialPayoutWallet": "0x70997970C51812dc3A010C7d01b50e0d17dc79C8",
  "finalPayoutWallet": "0x3C44CdDdB6a900fa2b585dd299e03d12FA4293BC",
  "walletRotation": "Two-step acceptance, old-wallet revocation, accrued and future revenue",
  "secondarySales": 2,
  "tokenStandard": "ERC-721",
  "tokenIds": "1-90 by final rank; 91-100 reserved",
  "metadata": "Fixed per-token off-chain endpoints; reveal policy belongs to the metadata service",
  "pricing": "Top bid pays full; ranks 2-90 pay 90th winning bid or reserve if undersubscribed",
  "initialDurationSeconds": 172800,
  "auctionedSupply": 90,
  "reservedSupply": 10,
  "outbidBps": 500,
  "increaseBps": 250,
  "extensionLimit": null,
  "extensionWindowSeconds": 600,
  "lateRankChangingIncreases": 146,
  "extensionSecondsAfterOriginalClose": 87454,
  "timedTransactions": [
    {
      "function": "createBid",
      "timestamp": 1788865803,
      "blockNumber": 6,
      "status": 1
    },
    {
      "function": "increaseBid",
      "timestamp": 1789038602,
      "blockNumber": 101,
      "status": 1
    },
    {
      "function": "increaseBid",
      "timestamp": 1789039201,
      "blockNumber": 102,
      "status": 1
    },
    {
      "function": "increaseBid",
      "timestamp": 1789039800,
      "blockNumber": 103,
      "status": 1
    },
    {
      "function": "increaseBid",
      "timestamp": 1789040399,
      "blockNumber": 104,
      "status": 1
    },
    {
      "function": "increaseBid",
      "timestamp": 1789040998,
      "blockNumber": 105,
      "status": 1
    },
    {
      "function": "increaseBid",
      "timestamp": 1789041597,
      "blockNumber": 106,
      "status": 1
    },
    {
      "function": "increaseBid",
      "timestamp": 1789042196,
      "blockNumber": 107,
      "status": 1
    },
    {
      "function": "increaseBid",
      "timestamp": 1789042795,
      "blockNumber": 108,
      "status": 1
    },
    {
      "function": "increaseBid",
      "timestamp": 1789043394,
      "blockNumber": 109,
      "status": 1
    },
    {
      "function": "increaseBid",
      "timestamp": 1789043993,
      "blockNumber": 110,
      "status": 1
    },
    {
      "function": "increaseBid",
      "timestamp": 1789044592,
      "blockNumber": 111,
      "status": 1
    },
    {
      "function": "increaseBid",
      "timestamp": 1789045191,
      "blockNumber": 112,
      "status": 1
    },
    {
      "function": "increaseBid",
      "timestamp": 1789045790,
      "blockNumber": 113,
      "status": 1
    },
    {
      "function": "increaseBid",
      "timestamp": 1789046389,
      "blockNumber": 114,
      "status": 1
    },
    {
      "function": "increaseBid",
      "timestamp": 1789046988,
      "blockNumber": 115,
      "status": 1
    },
    {
      "function": "increaseBid",
      "timestamp": 1789047587,
      "blockNumber": 116,
      "status": 1
    },
    {
      "function": "increaseBid",
      "timestamp": 1789048186,
      "blockNumber": 117,
      "status": 1
    },
    {
      "function": "increaseBid",
      "timestamp": 1789048785,
      "blockNumber": 118,
      "status": 1
    },
    {
      "function": "increaseBid",
      "timestamp": 1789049384,
      "blockNumber": 119,
      "status": 1
    },
    {
      "function": "increaseBid",
      "timestamp": 1789049983,
      "blockNumber": 120,
      "status": 1
    },
    {
      "function": "increaseBid",
      "timestamp": 1789050582,
      "blockNumber": 121,
      "status": 1
    },
    {
      "function": "increaseBid",
      "timestamp": 1789051181,
      "blockNumber": 122,
      "status": 1
    },
    {
      "function": "increaseBid",
      "timestamp": 1789051780,
      "blockNumber": 123,
      "status": 1
    },
    {
      "function": "increaseBid",
      "timestamp": 1789052379,
      "blockNumber": 124,
      "status": 1
    },
    {
      "function": "increaseBid",
      "timestamp": 1789052978,
      "blockNumber": 125,
      "status": 1
    },
    {
      "function": "increaseBid",
      "timestamp": 1789053577,
      "blockNumber": 126,
      "status": 1
    },
    {
      "function": "increaseBid",
      "timestamp": 1789054176,
      "blockNumber": 127,
      "status": 1
    },
    {
      "function": "increaseBid",
      "timestamp": 1789054775,
      "blockNumber": 128,
      "status": 1
    },
    {
      "function": "increaseBid",
      "timestamp": 1789055374,
      "blockNumber": 129,
      "status": 1
    },
    {
      "function": "increaseBid",
      "timestamp": 1789055973,
      "blockNumber": 130,
      "status": 1
    },
    {
      "function": "increaseBid",
      "timestamp": 1789056572,
      "blockNumber": 131,
      "status": 1
    },
    {
      "function": "increaseBid",
      "timestamp": 1789057171,
      "blockNumber": 132,
      "status": 1
    },
    {
      "function": "increaseBid",
      "timestamp": 1789057770,
      "blockNumber": 133,
      "status": 1
    },
    {
      "function": "increaseBid",
      "timestamp": 1789058369,
      "blockNumber": 134,
      "status": 1
    },
    {
      "function": "increaseBid",
      "timestamp": 1789058968,
      "blockNumber": 135,
      "status": 1
    },
    {
      "function": "increaseBid",
      "timestamp": 1789059567,
      "blockNumber": 136,
      "status": 1
    },
    {
      "function": "increaseBid",
      "timestamp": 1789060166,
      "blockNumber": 137,
      "status": 1
    },
    {
      "function": "increaseBid",
      "timestamp": 1789060765,
      "blockNumber": 138,
      "status": 1
    },
    {
      "function": "increaseBid",
      "timestamp": 1789061364,
      "blockNumber": 139,
      "status": 1
    },
    {
      "function": "increaseBid",
      "timestamp": 1789061963,
      "blockNumber": 140,
      "status": 1
    },
    {
      "function": "increaseBid",
      "timestamp": 1789062562,
      "blockNumber": 141,
      "status": 1
    },
    {
      "function": "increaseBid",
      "timestamp": 1789063161,
      "blockNumber": 142,
      "status": 1
    },
    {
      "function": "increaseBid",
      "timestamp": 1789063760,
      "blockNumber": 143,
      "status": 1
    },
    {
      "function": "increaseBid",
      "timestamp": 1789064359,
      "blockNumber": 144,
      "status": 1
    },
    {
      "function": "increaseBid",
      "timestamp": 1789064958,
      "blockNumber": 145,
      "status": 1
    },
    {
      "function": "increaseBid",
      "timestamp": 1789065557,
      "blockNumber": 146,
      "status": 1
    },
    {
      "function": "increaseBid",
      "timestamp": 1789066156,
      "blockNumber": 147,
      "status": 1
    },
    {
      "function": "increaseBid",
      "timestamp": 1789066755,
      "blockNumber": 148,
      "status": 1
    },
    {
      "function": "increaseBid",
      "timestamp": 1789067354,
      "blockNumber": 149,
      "status": 1
    },
    {
      "function": "increaseBid",
      "timestamp": 1789067953,
      "blockNumber": 150,
      "status": 1
    },
    {
      "function": "increaseBid",
      "timestamp": 1789068552,
      "blockNumber": 151,
      "status": 1
    },
    {
      "function": "increaseBid",
      "timestamp": 1789069151,
      "blockNumber": 152,
      "status": 1
    },
    {
      "function": "increaseBid",
      "timestamp": 1789069750,
      "blockNumber": 153,
      "status": 1
    },
    {
      "function": "increaseBid",
      "timestamp": 1789070349,
      "blockNumber": 154,
      "status": 1
    },
    {
      "function": "increaseBid",
      "timestamp": 1789070948,
      "blockNumber": 155,
      "status": 1
    },
    {
      "function": "increaseBid",
      "timestamp": 1789071547,
      "blockNumber": 156,
      "status": 1
    },
    {
      "function": "increaseBid",
      "timestamp": 1789072146,
      "blockNumber": 157,
      "status": 1
    },
    {
      "function": "increaseBid",
      "timestamp": 1789072745,
      "blockNumber": 158,
      "status": 1
    },
    {
      "function": "increaseBid",
      "timestamp": 1789073344,
      "blockNumber": 159,
      "status": 1
    },
    {
      "function": "increaseBid",
      "timestamp": 1789073943,
      "blockNumber": 160,
      "status": 1
    },
    {
      "function": "increaseBid",
      "timestamp": 1789074542,
      "blockNumber": 161,
      "status": 1
    },
    {
      "function": "increaseBid",
      "timestamp": 1789075141,
      "blockNumber": 162,
      "status": 1
    },
    {
      "function": "increaseBid",
      "timestamp": 1789075740,
      "blockNumber": 163,
      "status": 1
    },
    {
      "function": "increaseBid",
      "timestamp": 1789076339,
      "blockNumber": 164,
      "status": 1
    },
    {
      "function": "increaseBid",
      "timestamp": 1789076938,
      "blockNumber": 165,
      "status": 1
    },
    {
      "function": "increaseBid",
      "timestamp": 1789077537,
      "blockNumber": 166,
      "status": 1
    },
    {
      "function": "increaseBid",
      "timestamp": 1789078136,
      "blockNumber": 167,
      "status": 1
    },
    {
      "function": "increaseBid",
      "timestamp": 1789078735,
      "blockNumber": 168,
      "status": 1
    },
    {
      "function": "increaseBid",
      "timestamp": 1789079334,
      "blockNumber": 169,
      "status": 1
    },
    {
      "function": "increaseBid",
      "timestamp": 1789079933,
      "blockNumber": 170,
      "status": 1
    },
    {
      "function": "increaseBid",
      "timestamp": 1789080532,
      "blockNumber": 171,
      "status": 1
    },
    {
      "function": "increaseBid",
      "timestamp": 1789081131,
      "blockNumber": 172,
      "status": 1
    },
    {
      "function": "increaseBid",
      "timestamp": 1789081730,
      "blockNumber": 173,
      "status": 1
    },
    {
      "function": "increaseBid",
      "timestamp": 1789082329,
      "blockNumber": 174,
      "status": 1
    },
    {
      "function": "increaseBid",
      "timestamp": 1789082928,
      "blockNumber": 175,
      "status": 1
    },
    {
      "function": "increaseBid",
      "timestamp": 1789083527,
      "blockNumber": 176,
      "status": 1
    },
    {
      "function": "increaseBid",
      "timestamp": 1789084126,
      "blockNumber": 177,
      "status": 1
    },
    {
      "function": "increaseBid",
      "timestamp": 1789084725,
      "blockNumber": 178,
      "status": 1
    },
    {
      "function": "increaseBid",
      "timestamp": 1789085324,
      "blockNumber": 179,
      "status": 1
    },
    {
      "function": "increaseBid",
      "timestamp": 1789085923,
      "blockNumber": 180,
      "status": 1
    },
    {
      "function": "increaseBid",
      "timestamp": 1789086522,
      "blockNumber": 181,
      "status": 1
    },
    {
      "function": "increaseBid",
      "timestamp": 1789087121,
      "blockNumber": 182,
      "status": 1
    },
    {
      "function": "increaseBid",
      "timestamp": 1789087720,
      "blockNumber": 183,
      "status": 1
    },
    {
      "function": "increaseBid",
      "timestamp": 1789088319,
      "blockNumber": 184,
      "status": 1
    },
    {
      "function": "increaseBid",
      "timestamp": 1789088918,
      "blockNumber": 185,
      "status": 1
    },
    {
      "function": "increaseBid",
      "timestamp": 1789089517,
      "blockNumber": 186,
      "status": 1
    },
    {
      "function": "increaseBid",
      "timestamp": 1789090116,
      "blockNumber": 187,
      "status": 1
    },
    {
      "function": "increaseBid",
      "timestamp": 1789090715,
      "blockNumber": 188,
      "status": 1
    },
    {
      "function": "increaseBid",
      "timestamp": 1789091314,
      "blockNumber": 189,
      "status": 1
    },
    {
      "function": "increaseBid",
      "timestamp": 1789091913,
      "blockNumber": 190,
      "status": 1
    },
    {
      "function": "increaseBid",
      "timestamp": 1789092512,
      "blockNumber": 191,
      "status": 1
    },
    {
      "function": "increaseBid",
      "timestamp": 1789093111,
      "blockNumber": 192,
      "status": 1
    },
    {
      "function": "increaseBid",
      "timestamp": 1789093710,
      "blockNumber": 193,
      "status": 1
    },
    {
      "function": "increaseBid",
      "timestamp": 1789094309,
      "blockNumber": 194,
      "status": 1
    },
    {
      "function": "increaseBid",
      "timestamp": 1789094908,
      "blockNumber": 195,
      "status": 1
    },
    {
      "function": "increaseBid",
      "timestamp": 1789095507,
      "blockNumber": 196,
      "status": 1
    },
    {
      "function": "increaseBid",
      "timestamp": 1789096106,
      "blockNumber": 197,
      "status": 1
    },
    {
      "function": "increaseBid",
      "timestamp": 1789096705,
      "blockNumber": 198,
      "status": 1
    },
    {
      "function": "increaseBid",
      "timestamp": 1789097304,
      "blockNumber": 199,
      "status": 1
    },
    {
      "function": "increaseBid",
      "timestamp": 1789097903,
      "blockNumber": 200,
      "status": 1
    },
    {
      "function": "increaseBid",
      "timestamp": 1789098502,
      "blockNumber": 201,
      "status": 1
    },
    {
      "function": "increaseBid",
      "timestamp": 1789099101,
      "blockNumber": 202,
      "status": 1
    },
    {
      "function": "increaseBid",
      "timestamp": 1789099700,
      "blockNumber": 203,
      "status": 1
    },
    {
      "function": "increaseBid",
      "timestamp": 1789100299,
      "blockNumber": 204,
      "status": 1
    },
    {
      "function": "increaseBid",
      "timestamp": 1789100898,
      "blockNumber": 205,
      "status": 1
    },
    {
      "function": "increaseBid",
      "timestamp": 1789101497,
      "blockNumber": 206,
      "status": 1
    },
    {
      "function": "increaseBid",
      "timestamp": 1789102096,
      "blockNumber": 207,
      "status": 1
    },
    {
      "function": "increaseBid",
      "timestamp": 1789102695,
      "blockNumber": 208,
      "status": 1
    },
    {
      "function": "increaseBid",
      "timestamp": 1789103294,
      "blockNumber": 209,
      "status": 1
    },
    {
      "function": "increaseBid",
      "timestamp": 1789103893,
      "blockNumber": 210,
      "status": 1
    },
    {
      "function": "increaseBid",
      "timestamp": 1789104492,
      "blockNumber": 211,
      "status": 1
    },
    {
      "function": "increaseBid",
      "timestamp": 1789105091,
      "blockNumber": 212,
      "status": 1
    },
    {
      "function": "increaseBid",
      "timestamp": 1789105690,
      "blockNumber": 213,
      "status": 1
    },
    {
      "function": "increaseBid",
      "timestamp": 1789106289,
      "blockNumber": 214,
      "status": 1
    },
    {
      "function": "increaseBid",
      "timestamp": 1789106888,
      "blockNumber": 215,
      "status": 1
    },
    {
      "function": "increaseBid",
      "timestamp": 1789107487,
      "blockNumber": 216,
      "status": 1
    },
    {
      "function": "increaseBid",
      "timestamp": 1789108086,
      "blockNumber": 217,
      "status": 1
    },
    {
      "function": "increaseBid",
      "timestamp": 1789108685,
      "blockNumber": 218,
      "status": 1
    },
    {
      "function": "increaseBid",
      "timestamp": 1789109284,
      "blockNumber": 219,
      "status": 1
    },
    {
      "function": "increaseBid",
      "timestamp": 1789109883,
      "blockNumber": 220,
      "status": 1
    },
    {
      "function": "increaseBid",
      "timestamp": 1789110482,
      "blockNumber": 221,
      "status": 1
    },
    {
      "function": "increaseBid",
      "timestamp": 1789111081,
      "blockNumber": 222,
      "status": 1
    },
    {
      "function": "increaseBid",
      "timestamp": 1789111680,
      "blockNumber": 223,
      "status": 1
    },
    {
      "function": "increaseBid",
      "timestamp": 1789112279,
      "blockNumber": 224,
      "status": 1
    },
    {
      "function": "increaseBid",
      "timestamp": 1789112878,
      "blockNumber": 225,
      "status": 1
    },
    {
      "function": "increaseBid",
      "timestamp": 1789113477,
      "blockNumber": 226,
      "status": 1
    },
    {
      "function": "increaseBid",
      "timestamp": 1789114076,
      "blockNumber": 227,
      "status": 1
    },
    {
      "function": "increaseBid",
      "timestamp": 1789114675,
      "blockNumber": 228,
      "status": 1
    },
    {
      "function": "increaseBid",
      "timestamp": 1789115274,
      "blockNumber": 229,
      "status": 1
    },
    {
      "function": "increaseBid",
      "timestamp": 1789115873,
      "blockNumber": 230,
      "status": 1
    },
    {
      "function": "increaseBid",
      "timestamp": 1789116472,
      "blockNumber": 231,
      "status": 1
    },
    {
      "function": "increaseBid",
      "timestamp": 1789117071,
      "blockNumber": 232,
      "status": 1
    },
    {
      "function": "increaseBid",
      "timestamp": 1789117670,
      "blockNumber": 233,
      "status": 1
    },
    {
      "function": "increaseBid",
      "timestamp": 1789118269,
      "blockNumber": 234,
      "status": 1
    },
    {
      "function": "increaseBid",
      "timestamp": 1789118868,
      "blockNumber": 235,
      "status": 1
    },
    {
      "function": "increaseBid",
      "timestamp": 1789119467,
      "blockNumber": 236,
      "status": 1
    },
    {
      "function": "increaseBid",
      "timestamp": 1789120066,
      "blockNumber": 237,
      "status": 1
    },
    {
      "function": "increaseBid",
      "timestamp": 1789120665,
      "blockNumber": 238,
      "status": 1
    },
    {
      "function": "increaseBid",
      "timestamp": 1789121264,
      "blockNumber": 239,
      "status": 1
    },
    {
      "function": "increaseBid",
      "timestamp": 1789121863,
      "blockNumber": 240,
      "status": 1
    },
    {
      "function": "increaseBid",
      "timestamp": 1789122462,
      "blockNumber": 241,
      "status": 1
    },
    {
      "function": "increaseBid",
      "timestamp": 1789123061,
      "blockNumber": 242,
      "status": 1
    },
    {
      "function": "increaseBid",
      "timestamp": 1789123660,
      "blockNumber": 243,
      "status": 1
    },
    {
      "function": "increaseBid",
      "timestamp": 1789124259,
      "blockNumber": 244,
      "status": 1
    },
    {
      "function": "increaseBid",
      "timestamp": 1789124858,
      "blockNumber": 245,
      "status": 1
    },
    {
      "function": "increaseBid",
      "timestamp": 1789125457,
      "blockNumber": 246,
      "status": 1
    },
    {
      "function": "settle",
      "timestamp": 1789126056,
      "blockNumber": 247,
      "status": 0
    },
    {
      "function": "settle",
      "timestamp": 1789126057,
      "blockNumber": 248,
      "status": 1
    }
  ],
  "deploymentCheckerNegativeCases": [
    "incorrect royalty configuration rejected",
    "unexpected current payout wallet rejected",
    "unexpected pending payout wallet rejected",
    "inconsistent immutable bytecode rejected"
  ],
  "claimAuthorization": "Third-party forced mint rejected; winning bidders claim successfully",
  "refundRecovery": {
    "result": "PASS",
    "auction": "0xe7f1725E7734CE288F8367e1Bb143E90bb3F0512",
    "refundClaimPeriodSeconds": 2419200,
    "initialEnd": 1789299458,
    "finalEnd": 1789300057,
    "refundDeadline": 1791719257,
    "timedTransactions": [
      {
        "function": "createBid",
        "timestamp": 1789126658,
        "status": 1
      },
      {
        "function": "increaseBid",
        "timestamp": 1789299457,
        "status": 1
      },
      {
        "function": "settle",
        "timestamp": 1789300057,
        "status": 1
      },
      {
        "function": "withdrawUnclaimedETH",
        "timestamp": 1791718658,
        "status": 0
      },
      {
        "function": "withdrawUnclaimedETH",
        "timestamp": 1791719255,
        "status": 0
      },
      {
        "function": "withdrawRefund",
        "timestamp": 1791719256,
        "status": 1
      },
      {
        "function": "withdrawRefund",
        "timestamp": 1791719257,
        "status": 0
      }
    ],
    "lastSecondRefundWei": 1990000000000000000,
    "recoveredWei": 6010000000000000000,
    "recoveryGas": 47701,
    "auctionEndingLiabilities": 0,
    "auctionEndingBalance": 0,
    "originalDeployerDenied": true,
    "oldPayoutWalletDeniedAfterRotation": true,
    "creditedAndUncreditedRefundsExpired": true,
    "nftClaimsAfterRecovery": true
  }
}
PASS: all audit gates completed. Reports: audit/generated/
