
> @lntv/contracts@3.1.0 audit
> bash scripts/audit.sh


> @lntv/contracts@3.1.0 format:check
> node scripts/foundry.mjs forge fmt --check

TAP version 13
# Subtest: the audit runner propagates native tool failures
ok 1 - the audit runner propagates native tool failures
  ---
  duration_ms: 95.543958
  type: 'test'
  ...
# Subtest: the audit runner propagates success
ok 2 - the audit runner propagates success
  ---
  duration_ms: 34.57425
  type: 'test'
  ...
1..2
# tests 2
# suites 0
# pass 2
# fail 0
# cancelled 0
# skipped 0
# todo 0
# duration_ms 210.186917
.......
----------------------------------------------------------------------
Ran 7 tests in 0.315s

OK
..............
----------------------------------------------------------------------
Ran 14 tests in 0.000s

OK
PASS: 16 individually reviewed Slither findings; no unreviewed findings or source drift.
PASS: all production contracts have 100% instrumented line, branch and function coverage.
Extended audit fuzz seed: 0x2026090830
Suite result: ok. 1 passed; 0 failed; 0 skipped; finished in 905.18s (905.17s CPU time)

Ran 12 test suites in 905.18s (1918.17s CPU time): 157 tests passed, 0 failed, 0 skipped (157 total tests)
Clean baseline: 154 tests passed; required behavioral scenarios present.
KILLED: zero outbid increment (4 behavioral tests)
KILLED: old 2.5 percent outbid increment restored (2 behavioral tests)
KILLED: zero increase increment (4 behavioral tests)
KILLED: old 0.5 percent increase increment restored (2 behavioral tests)
KILLED: wrong supply (78 behavioral tests)
KILLED: two-hour extension cap restored (2 behavioral tests)
KILLED: extension timestamp narrowed (2 behavioral tests)
KILLED: reversed tie priority (8 behavioral tests)
KILLED: loser refund shortfall (9 behavioral tests)
KILLED: wrong clearing price (36 behavioral tests)
KILLED: settlement double liability (35 behavioral tests)
KILLED: stealable claims (4 behavioral tests)
KILLED: repeatable refund credit (4 behavioral tests)
KILLED: repeatable token claim (2 behavioral tests)
KILLED: stolen payout funds (8 behavioral tests)
KILLED: auction reentrancy guard removed (6 behavioral tests)
KILLED: royalty transfer bypass (2 behavioral tests)
KILLED: missing supply accounting (13 behavioral tests)
KILLED: zeroed royalties (21 behavioral tests)
KILLED: free purchase (2 behavioral tests)
KILLED: royalty double credit (15 behavioral tests)
KILLED: unauthorized cancellation (2 behavioral tests)
KILLED: repeatable marketplace withdrawal (2 behavioral tests)
KILLED: marketplace reentrancy guard removed (4 behavioral tests)
KILLED: primary auction royalty deduction (43 behavioral tests)
KILLED: unauthorized wallet acceptance (3 behavioral tests)
KILLED: wallet nomination takes immediate control (8 behavioral tests)
KILLED: accepted wallet not applied (16 behavioral tests)
KILLED: stale pending wallet retained (7 behavioral tests)
KILLED: unsafe payout wallet allowed (2 behavioral tests)
KILLED: rotation erases accrued auction proceeds (4 behavioral tests)
KILLED: royalty recipient ignores shared wallet (16 behavioral tests)
KILLED: stealable trading royalties (4 behavioral tests)
KILLED: repeatable royalty withdrawal (4 behavioral tests)
KILLED: forced third-party mint delivery (2 behavioral tests)
KILLED: royalty pool double credit (17 behavioral tests)
KILLED: rank-to-token assignment reversed (18 behavioral tests)
KILLED: bid ID used instead of awarded token ID (9 behavioral tests)
KILLED: unsold mint consumes winning token IDs (5 behavioral tests)
KILLED: unauthorized ERC721 mint (2 behavioral tests)
KILLED: ERC721 token approval bypass (2 behavioral tests)
KILLED: missing transfer nonce (5 behavioral tests)
KILLED: stale listing nonce ignored (2 behavioral tests)
KILLED: ERC721 listing stays active after sale (3 behavioral tests)
KILLED: ERC721 supply exceeds 100 (2 behavioral tests)
KILLED: ERC721 receiver check bypassed (9 behavioral tests)
KILLED: top winner gets cutoff discount (14 behavioral tests)
KILLED: regular winner pays full bid (39 behavioral tests)
KILLED: uniform primary proceeds restored (39 behavioral tests)
KILLED: empty auction settlement underflows (35 behavioral tests)
KILLED: wrong initial duration (5 behavioral tests)
KILLED: old 24-hour duration restored (5 behavioral tests)
KILLED: old five-minute extension restored (7 behavioral tests)
KILLED: 24-hour extension cap introduced (2 behavioral tests)
KILLED: recovery authorization removed (2 behavioral tests)
KILLED: recovery settlement guard removed (2 behavioral tests)
KILLED: recovery available before eligibility (7 behavioral tests)
KILLED: recovery delay shortened (11 behavioral tests)
KILLED: recovery delay lengthened (26 behavioral tests)
KILLED: recovery eligibility ignores extensions (8 behavioral tests)
KILLED: recovery anchors to auction close (6 behavioral tests)
KILLED: settlement timestamp never recorded (9 behavioral tests)
KILLED: recovery clock keeps moving (28 behavioral tests)
KILLED: refund closure guards removed (2 behavioral tests)
KILLED: recovered refunds still advertised (23 behavioral tests)
KILLED: automatic refund expiry restored (6 behavioral tests)
KILLED: refund getter automatically expires (6 behavioral tests)
KILLED: recovery leaves refunds open (23 behavioral tests)
KILLED: proceeds withdrawal closes refunds (6 behavioral tests)
KILLED: recovery retains escrow (22 behavioral tests)
KILLED: recovery retains refund accounting (23 behavioral tests)
KILLED: recovery retains proceeds accounting (25 behavioral tests)
KILLED: recovery ignores forced surplus (3 behavioral tests)
KILLED: recovery reentrancy guard removed (2 behavioral tests)
KILLED: wrong reserved allocation (5 behavioral tests)
KILLED: reserved IDs overlap auction (39 behavioral tests)
KILLED: reserved batch ignores quantity (3 behavioral tests)
KILLED: reserved batch starts at wrong ID (41 behavioral tests)
KILLED: metadata ignores token ID (4 behavioral tests)
KILLED: metadata slash validation bypassed (2 behavioral tests)
All 80 intentional regressions were detected by at least two behavioral tests.
{
  "chainId": 31337,
  "result": "PASS",
  "auction": "0x5FbDB2315678afecb367f032d93F642f64180aa3",
  "edition": "0xa16E02E87b7454126E5E10d957A927A7F5B5d2be",
  "marketplace": "0x8Ff3801288a85ea261E4277d44E1131Ea736F77B",
  "gasUsed": {
    "atomic_deployment": 4954030,
    "reserve_4": 187592,
    "worst_bid": 590753,
    "settle": 794310,
    "claim_88": 3303829,
    "secondary_sale": 182633,
    "payout_rotation_accept": 30768,
    "reserve_6": 218544
  },
  "bids": 92,
  "minted": 100,
  "auctionEndingLiabilities": 0,
  "marketEndingLiabilities": 0,
  "auctionRoyalties": 0,
  "initialPayoutWallet": "0x70997970C51812dc3A010C7d01b50e0d17dc79C8",
  "finalPayoutWallet": "0x3C44CdDdB6a900fa2b585dd299e03d12FA4293BC",
  "walletRotation": "Two-step acceptance, old-wallet revocation, accrued and future revenue",
  "secondarySales": 2,
  "tokenStandard": "ERC-721",
  "tokenIds": "1-90 by final rank; 91-100 reserved",
  "metadata": "Fixed per-token off-chain endpoints; reveal policy belongs to the metadata service",
  "pricing": "Top bid pays full; ranks 2-90 pay 90th winning bid or reserve if undersubscribed",
  "initialDurationSeconds": 172800,
  "auctionedSupply": 90,
  "reservedSupply": 10,
  "outbidBps": 500,
  "increaseBps": 250,
  "extensionLimit": null,
  "extensionWindowSeconds": 600,
  "lateRankChangingIncreases": 146,
  "extensionSecondsAfterOriginalClose": 87454,
  "timedTransactions": [
    {
      "function": "createBid",
      "timestamp": 1788870628,
      "blockNumber": 6,
      "status": 1
    },
    {
      "function": "increaseBid",
      "timestamp": 1789043427,
      "blockNumber": 101,
      "status": 1
    },
    {
      "function": "increaseBid",
      "timestamp": 1789044026,
      "blockNumber": 102,
      "status": 1
    },
    {
      "function": "increaseBid",
      "timestamp": 1789044625,
      "blockNumber": 103,
      "status": 1
    },
    {
      "function": "increaseBid",
      "timestamp": 1789045224,
      "blockNumber": 104,
      "status": 1
    },
    {
      "function": "increaseBid",
      "timestamp": 1789045823,
      "blockNumber": 105,
      "status": 1
    },
    {
      "function": "increaseBid",
      "timestamp": 1789046422,
      "blockNumber": 106,
      "status": 1
    },
    {
      "function": "increaseBid",
      "timestamp": 1789047021,
      "blockNumber": 107,
      "status": 1
    },
    {
      "function": "increaseBid",
      "timestamp": 1789047620,
      "blockNumber": 108,
      "status": 1
    },
    {
      "function": "increaseBid",
      "timestamp": 1789048219,
      "blockNumber": 109,
      "status": 1
    },
    {
      "function": "increaseBid",
      "timestamp": 1789048818,
      "blockNumber": 110,
      "status": 1
    },
    {
      "function": "increaseBid",
      "timestamp": 1789049417,
      "blockNumber": 111,
      "status": 1
    },
    {
      "function": "increaseBid",
      "timestamp": 1789050016,
      "blockNumber": 112,
      "status": 1
    },
    {
      "function": "increaseBid",
      "timestamp": 1789050615,
      "blockNumber": 113,
      "status": 1
    },
    {
      "function": "increaseBid",
      "timestamp": 1789051214,
      "blockNumber": 114,
      "status": 1
    },
    {
      "function": "increaseBid",
      "timestamp": 1789051813,
      "blockNumber": 115,
      "status": 1
    },
    {
      "function": "increaseBid",
      "timestamp": 1789052412,
      "blockNumber": 116,
      "status": 1
    },
    {
      "function": "increaseBid",
      "timestamp": 1789053011,
      "blockNumber": 117,
      "status": 1
    },
    {
      "function": "increaseBid",
      "timestamp": 1789053610,
      "blockNumber": 118,
      "status": 1
    },
    {
      "function": "increaseBid",
      "timestamp": 1789054209,
      "blockNumber": 119,
      "status": 1
    },
    {
      "function": "increaseBid",
      "timestamp": 1789054808,
      "blockNumber": 120,
      "status": 1
    },
    {
      "function": "increaseBid",
      "timestamp": 1789055407,
      "blockNumber": 121,
      "status": 1
    },
    {
      "function": "increaseBid",
      "timestamp": 1789056006,
      "blockNumber": 122,
      "status": 1
    },
    {
      "function": "increaseBid",
      "timestamp": 1789056605,
      "blockNumber": 123,
      "status": 1
    },
    {
      "function": "increaseBid",
      "timestamp": 1789057204,
      "blockNumber": 124,
      "status": 1
    },
    {
      "function": "increaseBid",
      "timestamp": 1789057803,
      "blockNumber": 125,
      "status": 1
    },
    {
      "function": "increaseBid",
      "timestamp": 1789058402,
      "blockNumber": 126,
      "status": 1
    },
    {
      "function": "increaseBid",
      "timestamp": 1789059001,
      "blockNumber": 127,
      "status": 1
    },
    {
      "function": "increaseBid",
      "timestamp": 1789059600,
      "blockNumber": 128,
      "status": 1
    },
    {
      "function": "increaseBid",
      "timestamp": 1789060199,
      "blockNumber": 129,
      "status": 1
    },
    {
      "function": "increaseBid",
      "timestamp": 1789060798,
      "blockNumber": 130,
      "status": 1
    },
    {
      "function": "increaseBid",
      "timestamp": 1789061397,
      "blockNumber": 131,
      "status": 1
    },
    {
      "function": "increaseBid",
      "timestamp": 1789061996,
      "blockNumber": 132,
      "status": 1
    },
    {
      "function": "increaseBid",
      "timestamp": 1789062595,
      "blockNumber": 133,
      "status": 1
    },
    {
      "function": "increaseBid",
      "timestamp": 1789063194,
      "blockNumber": 134,
      "status": 1
    },
    {
      "function": "increaseBid",
      "timestamp": 1789063793,
      "blockNumber": 135,
      "status": 1
    },
    {
      "function": "increaseBid",
      "timestamp": 1789064392,
      "blockNumber": 136,
      "status": 1
    },
    {
      "function": "increaseBid",
      "timestamp": 1789064991,
      "blockNumber": 137,
      "status": 1
    },
    {
      "function": "increaseBid",
      "timestamp": 1789065590,
      "blockNumber": 138,
      "status": 1
    },
    {
      "function": "increaseBid",
      "timestamp": 1789066189,
      "blockNumber": 139,
      "status": 1
    },
    {
      "function": "increaseBid",
      "timestamp": 1789066788,
      "blockNumber": 140,
      "status": 1
    },
    {
      "function": "increaseBid",
      "timestamp": 1789067387,
      "blockNumber": 141,
      "status": 1
    },
    {
      "function": "increaseBid",
      "timestamp": 1789067986,
      "blockNumber": 142,
      "status": 1
    },
    {
      "function": "increaseBid",
      "timestamp": 1789068585,
      "blockNumber": 143,
      "status": 1
    },
    {
      "function": "increaseBid",
      "timestamp": 1789069184,
      "blockNumber": 144,
      "status": 1
    },
    {
      "function": "increaseBid",
      "timestamp": 1789069783,
      "blockNumber": 145,
      "status": 1
    },
    {
      "function": "increaseBid",
      "timestamp": 1789070382,
      "blockNumber": 146,
      "status": 1
    },
    {
      "function": "increaseBid",
      "timestamp": 1789070981,
      "blockNumber": 147,
      "status": 1
    },
    {
      "function": "increaseBid",
      "timestamp": 1789071580,
      "blockNumber": 148,
      "status": 1
    },
    {
      "function": "increaseBid",
      "timestamp": 1789072179,
      "blockNumber": 149,
      "status": 1
    },
    {
      "function": "increaseBid",
      "timestamp": 1789072778,
      "blockNumber": 150,
      "status": 1
    },
    {
      "function": "increaseBid",
      "timestamp": 1789073377,
      "blockNumber": 151,
      "status": 1
    },
    {
      "function": "increaseBid",
      "timestamp": 1789073976,
      "blockNumber": 152,
      "status": 1
    },
    {
      "function": "increaseBid",
      "timestamp": 1789074575,
      "blockNumber": 153,
      "status": 1
    },
    {
      "function": "increaseBid",
      "timestamp": 1789075174,
      "blockNumber": 154,
      "status": 1
    },
    {
      "function": "increaseBid",
      "timestamp": 1789075773,
      "blockNumber": 155,
      "status": 1
    },
    {
      "function": "increaseBid",
      "timestamp": 1789076372,
      "blockNumber": 156,
      "status": 1
    },
    {
      "function": "increaseBid",
      "timestamp": 1789076971,
      "blockNumber": 157,
      "status": 1
    },
    {
      "function": "increaseBid",
      "timestamp": 1789077570,
      "blockNumber": 158,
      "status": 1
    },
    {
      "function": "increaseBid",
      "timestamp": 1789078169,
      "blockNumber": 159,
      "status": 1
    },
    {
      "function": "increaseBid",
      "timestamp": 1789078768,
      "blockNumber": 160,
      "status": 1
    },
    {
      "function": "increaseBid",
      "timestamp": 1789079367,
      "blockNumber": 161,
      "status": 1
    },
    {
      "function": "increaseBid",
      "timestamp": 1789079966,
      "blockNumber": 162,
      "status": 1
    },
    {
      "function": "increaseBid",
      "timestamp": 1789080565,
      "blockNumber": 163,
      "status": 1
    },
    {
      "function": "increaseBid",
      "timestamp": 1789081164,
      "blockNumber": 164,
      "status": 1
    },
    {
      "function": "increaseBid",
      "timestamp": 1789081763,
      "blockNumber": 165,
      "status": 1
    },
    {
      "function": "increaseBid",
      "timestamp": 1789082362,
      "blockNumber": 166,
      "status": 1
    },
    {
      "function": "increaseBid",
      "timestamp": 1789082961,
      "blockNumber": 167,
      "status": 1
    },
    {
      "function": "increaseBid",
      "timestamp": 1789083560,
      "blockNumber": 168,
      "status": 1
    },
    {
      "function": "increaseBid",
      "timestamp": 1789084159,
      "blockNumber": 169,
      "status": 1
    },
    {
      "function": "increaseBid",
      "timestamp": 1789084758,
      "blockNumber": 170,
      "status": 1
    },
    {
      "function": "increaseBid",
      "timestamp": 1789085357,
      "blockNumber": 171,
      "status": 1
    },
    {
      "function": "increaseBid",
      "timestamp": 1789085956,
      "blockNumber": 172,
      "status": 1
    },
    {
      "function": "increaseBid",
      "timestamp": 1789086555,
      "blockNumber": 173,
      "status": 1
    },
    {
      "function": "increaseBid",
      "timestamp": 1789087154,
      "blockNumber": 174,
      "status": 1
    },
    {
      "function": "increaseBid",
      "timestamp": 1789087753,
      "blockNumber": 175,
      "status": 1
    },
    {
      "function": "increaseBid",
      "timestamp": 1789088352,
      "blockNumber": 176,
      "status": 1
    },
    {
      "function": "increaseBid",
      "timestamp": 1789088951,
      "blockNumber": 177,
      "status": 1
    },
    {
      "function": "increaseBid",
      "timestamp": 1789089550,
      "blockNumber": 178,
      "status": 1
    },
    {
      "function": "increaseBid",
      "timestamp": 1789090149,
      "blockNumber": 179,
      "status": 1
    },
    {
      "function": "increaseBid",
      "timestamp": 1789090748,
      "blockNumber": 180,
      "status": 1
    },
    {
      "function": "increaseBid",
      "timestamp": 1789091347,
      "blockNumber": 181,
      "status": 1
    },
    {
      "function": "increaseBid",
      "timestamp": 1789091946,
      "blockNumber": 182,
      "status": 1
    },
    {
      "function": "increaseBid",
      "timestamp": 1789092545,
      "blockNumber": 183,
      "status": 1
    },
    {
      "function": "increaseBid",
      "timestamp": 1789093144,
      "blockNumber": 184,
      "status": 1
    },
    {
      "function": "increaseBid",
      "timestamp": 1789093743,
      "blockNumber": 185,
      "status": 1
    },
    {
      "function": "increaseBid",
      "timestamp": 1789094342,
      "blockNumber": 186,
      "status": 1
    },
    {
      "function": "increaseBid",
      "timestamp": 1789094941,
      "blockNumber": 187,
      "status": 1
    },
    {
      "function": "increaseBid",
      "timestamp": 1789095540,
      "blockNumber": 188,
      "status": 1
    },
    {
      "function": "increaseBid",
      "timestamp": 1789096139,
      "blockNumber": 189,
      "status": 1
    },
    {
      "function": "increaseBid",
      "timestamp": 1789096738,
      "blockNumber": 190,
      "status": 1
    },
    {
      "function": "increaseBid",
      "timestamp": 1789097337,
      "blockNumber": 191,
      "status": 1
    },
    {
      "function": "increaseBid",
      "timestamp": 1789097936,
      "blockNumber": 192,
      "status": 1
    },
    {
      "function": "increaseBid",
      "timestamp": 1789098535,
      "blockNumber": 193,
      "status": 1
    },
    {
      "function": "increaseBid",
      "timestamp": 1789099134,
      "blockNumber": 194,
      "status": 1
    },
    {
      "function": "increaseBid",
      "timestamp": 1789099733,
      "blockNumber": 195,
      "status": 1
    },
    {
      "function": "increaseBid",
      "timestamp": 1789100332,
      "blockNumber": 196,
      "status": 1
    },
    {
      "function": "increaseBid",
      "timestamp": 1789100931,
      "blockNumber": 197,
      "status": 1
    },
    {
      "function": "increaseBid",
      "timestamp": 1789101530,
      "blockNumber": 198,
      "status": 1
    },
    {
      "function": "increaseBid",
      "timestamp": 1789102129,
      "blockNumber": 199,
      "status": 1
    },
    {
      "function": "increaseBid",
      "timestamp": 1789102728,
      "blockNumber": 200,
      "status": 1
    },
    {
      "function": "increaseBid",
      "timestamp": 1789103327,
      "blockNumber": 201,
      "status": 1
    },
    {
      "function": "increaseBid",
      "timestamp": 1789103926,
      "blockNumber": 202,
      "status": 1
    },
    {
      "function": "increaseBid",
      "timestamp": 1789104525,
      "blockNumber": 203,
      "status": 1
    },
    {
      "function": "increaseBid",
      "timestamp": 1789105124,
      "blockNumber": 204,
      "status": 1
    },
    {
      "function": "increaseBid",
      "timestamp": 1789105723,
      "blockNumber": 205,
      "status": 1
    },
    {
      "function": "increaseBid",
      "timestamp": 1789106322,
      "blockNumber": 206,
      "status": 1
    },
    {
      "function": "increaseBid",
      "timestamp": 1789106921,
      "blockNumber": 207,
      "status": 1
    },
    {
      "function": "increaseBid",
      "timestamp": 1789107520,
      "blockNumber": 208,
      "status": 1
    },
    {
      "function": "increaseBid",
      "timestamp": 1789108119,
      "blockNumber": 209,
      "status": 1
    },
    {
      "function": "increaseBid",
      "timestamp": 1789108718,
      "blockNumber": 210,
      "status": 1
    },
    {
      "function": "increaseBid",
      "timestamp": 1789109317,
      "blockNumber": 211,
      "status": 1
    },
    {
      "function": "increaseBid",
      "timestamp": 1789109916,
      "blockNumber": 212,
      "status": 1
    },
    {
      "function": "increaseBid",
      "timestamp": 1789110515,
      "blockNumber": 213,
      "status": 1
    },
    {
      "function": "increaseBid",
      "timestamp": 1789111114,
      "blockNumber": 214,
      "status": 1
    },
    {
      "function": "increaseBid",
      "timestamp": 1789111713,
      "blockNumber": 215,
      "status": 1
    },
    {
      "function": "increaseBid",
      "timestamp": 1789112312,
      "blockNumber": 216,
      "status": 1
    },
    {
      "function": "increaseBid",
      "timestamp": 1789112911,
      "blockNumber": 217,
      "status": 1
    },
    {
      "function": "increaseBid",
      "timestamp": 1789113510,
      "blockNumber": 218,
      "status": 1
    },
    {
      "function": "increaseBid",
      "timestamp": 1789114109,
      "blockNumber": 219,
      "status": 1
    },
    {
      "function": "increaseBid",
      "timestamp": 1789114708,
      "blockNumber": 220,
      "status": 1
    },
    {
      "function": "increaseBid",
      "timestamp": 1789115307,
      "blockNumber": 221,
      "status": 1
    },
    {
      "function": "increaseBid",
      "timestamp": 1789115906,
      "blockNumber": 222,
      "status": 1
    },
    {
      "function": "increaseBid",
      "timestamp": 1789116505,
      "blockNumber": 223,
      "status": 1
    },
    {
      "function": "increaseBid",
      "timestamp": 1789117104,
      "blockNumber": 224,
      "status": 1
    },
    {
      "function": "increaseBid",
      "timestamp": 1789117703,
      "blockNumber": 225,
      "status": 1
    },
    {
      "function": "increaseBid",
      "timestamp": 1789118302,
      "blockNumber": 226,
      "status": 1
    },
    {
      "function": "increaseBid",
      "timestamp": 1789118901,
      "blockNumber": 227,
      "status": 1
    },
    {
      "function": "increaseBid",
      "timestamp": 1789119500,
      "blockNumber": 228,
      "status": 1
    },
    {
      "function": "increaseBid",
      "timestamp": 1789120099,
      "blockNumber": 229,
      "status": 1
    },
    {
      "function": "increaseBid",
      "timestamp": 1789120698,
      "blockNumber": 230,
      "status": 1
    },
    {
      "function": "increaseBid",
      "timestamp": 1789121297,
      "blockNumber": 231,
      "status": 1
    },
    {
      "function": "increaseBid",
      "timestamp": 1789121896,
      "blockNumber": 232,
      "status": 1
    },
    {
      "function": "increaseBid",
      "timestamp": 1789122495,
      "blockNumber": 233,
      "status": 1
    },
    {
      "function": "increaseBid",
      "timestamp": 1789123094,
      "blockNumber": 234,
      "status": 1
    },
    {
      "function": "increaseBid",
      "timestamp": 1789123693,
      "blockNumber": 235,
      "status": 1
    },
    {
      "function": "increaseBid",
      "timestamp": 1789124292,
      "blockNumber": 236,
      "status": 1
    },
    {
      "function": "increaseBid",
      "timestamp": 1789124891,
      "blockNumber": 237,
      "status": 1
    },
    {
      "function": "increaseBid",
      "timestamp": 1789125490,
      "blockNumber": 238,
      "status": 1
    },
    {
      "function": "increaseBid",
      "timestamp": 1789126089,
      "blockNumber": 239,
      "status": 1
    },
    {
      "function": "increaseBid",
      "timestamp": 1789126688,
      "blockNumber": 240,
      "status": 1
    },
    {
      "function": "increaseBid",
      "timestamp": 1789127287,
      "blockNumber": 241,
      "status": 1
    },
    {
      "function": "increaseBid",
      "timestamp": 1789127886,
      "blockNumber": 242,
      "status": 1
    },
    {
      "function": "increaseBid",
      "timestamp": 1789128485,
      "blockNumber": 243,
      "status": 1
    },
    {
      "function": "increaseBid",
      "timestamp": 1789129084,
      "blockNumber": 244,
      "status": 1
    },
    {
      "function": "increaseBid",
      "timestamp": 1789129683,
      "blockNumber": 245,
      "status": 1
    },
    {
      "function": "increaseBid",
      "timestamp": 1789130282,
      "blockNumber": 246,
      "status": 1
    },
    {
      "function": "settle",
      "timestamp": 1789130881,
      "blockNumber": 247,
      "status": 0
    },
    {
      "function": "settle",
      "timestamp": 1789130882,
      "blockNumber": 248,
      "status": 1
    }
  ],
  "deploymentCheckerNegativeCases": [
    "incorrect royalty configuration rejected",
    "unexpected current payout wallet rejected",
    "unexpected pending payout wallet rejected",
    "inconsistent immutable bytecode rejected"
  ],
  "claimAuthorization": "Third-party forced mint rejected; winning bidders claim successfully",
  "refundRecovery": {
    "result": "PASS",
    "auction": "0xe7f1725E7734CE288F8367e1Bb143E90bb3F0512",
    "recoveryDelaySeconds": 2419200,
    "initialEnd": 1789304283,
    "finalEnd": 1789304882,
    "settledAt": 1791637682,
    "lateSettlementPreservesFullRecoveryDelay": true,
    "recoveryAvailableAt": 1794056882,
    "timedTransactions": [
      {
        "function": "createBid",
        "timestamp": 1789131483,
        "status": 1
      },
      {
        "function": "increaseBid",
        "timestamp": 1789304282,
        "status": 1
      },
      {
        "function": "settle",
        "timestamp": 1791637682,
        "status": 1
      },
      {
        "function": "withdrawUnclaimedETH",
        "timestamp": 1791723483,
        "status": 0
      },
      {
        "function": "withdrawUnclaimedETH",
        "timestamp": 1791724082,
        "status": 0
      },
      {
        "function": "withdrawUnclaimedETH",
        "timestamp": 1794056880,
        "status": 0
      },
      {
        "function": "withdrawRefund",
        "timestamp": 1794056881,
        "status": 1
      },
      {
        "function": "creditRefunds",
        "timestamp": 1794056882,
        "status": 1
      },
      {
        "function": "withdrawUnclaimedETH",
        "timestamp": 1794661682,
        "status": 0
      },
      {
        "function": "withdrawRefund",
        "timestamp": 1795266482,
        "status": 1
      }
    ],
    "refundBeforeRecoveryEligibilityWei": 1990000000000000000,
    "refundAfterRecoveryEligibilityWei": 2490000000000000000,
    "recoveredWei": 3520000000000000000,
    "recoveryGas": 47984,
    "auctionEndingLiabilities": 0,
    "auctionEndingBalance": 0,
    "originalDeployerDenied": true,
    "oldPayoutWalletDeniedAfterRotation": true,
    "refundsStayOpenUntilRecovery": true,
    "rejectedRecoveryLeavesRefundsOpen": true,
    "refundsClosedAfterRecovery": true,
    "nftClaimsAfterRecovery": true
  }
}
PASS: all audit gates completed. Reports: audit/generated/
