
> @lntv/contracts@1.1.0 audit
> bash scripts/audit.sh


> @lntv/contracts@1.1.0 format:check
> node scripts/foundry.mjs forge fmt --check

TAP version 13
# Subtest: the audit runner propagates native tool failures
ok 1 - the audit runner propagates native tool failures
  ---
  duration_ms: 25.2075
  type: 'test'
  ...
# Subtest: the audit runner propagates success
ok 2 - the audit runner propagates success
  ---
  duration_ms: 24.058708
  type: 'test'
  ...
1..2
# tests 2
# suites 0
# pass 2
# fail 0
# cancelled 0
# skipped 0
# todo 0
# duration_ms 77.865667
.......
----------------------------------------------------------------------
Ran 7 tests in 0.207s

OK
............
----------------------------------------------------------------------
Ran 12 tests in 0.000s

OK
PASS: 14 individually reviewed Slither findings; no unreviewed findings or source drift.
PASS: all production contracts have 100% instrumented line, branch and function coverage.
Extended audit fuzz seed: 0x2026090810
Suite result: ok. 1 passed; 0 failed; 0 skipped; finished in 376.55s (376.54s CPU time)

Ran 11 test suites in 376.55s (854.49s CPU time): 127 tests passed, 0 failed, 0 skipped (127 total tests)
Clean baseline: 124 tests passed; required behavioral scenarios present.
KILLED: zero outbid increment (4 behavioral tests)
KILLED: old 2.5 percent outbid increment restored (2 behavioral tests)
KILLED: zero increase increment (4 behavioral tests)
KILLED: old 0.5 percent increase increment restored (2 behavioral tests)
KILLED: wrong supply (56 behavioral tests)
KILLED: two-hour extension cap restored (2 behavioral tests)
KILLED: extension timestamp narrowed (2 behavioral tests)
KILLED: reversed tie priority (8 behavioral tests)
KILLED: loser refund shortfall (3 behavioral tests)
KILLED: wrong clearing price (9 behavioral tests)
KILLED: settlement double liability (16 behavioral tests)
KILLED: stealable claims (4 behavioral tests)
KILLED: repeatable refund credit (4 behavioral tests)
KILLED: repeatable token claim (2 behavioral tests)
KILLED: stolen payout funds (6 behavioral tests)
KILLED: auction reentrancy guard removed (4 behavioral tests)
KILLED: royalty transfer bypass (2 behavioral tests)
KILLED: missing supply accounting (12 behavioral tests)
KILLED: zeroed royalties (20 behavioral tests)
KILLED: free purchase (2 behavioral tests)
KILLED: royalty double credit (14 behavioral tests)
KILLED: unauthorized cancellation (2 behavioral tests)
KILLED: repeatable marketplace withdrawal (2 behavioral tests)
KILLED: marketplace reentrancy guard removed (4 behavioral tests)
KILLED: primary auction royalty deduction (23 behavioral tests)
KILLED: unauthorized wallet acceptance (3 behavioral tests)
KILLED: wallet nomination takes immediate control (7 behavioral tests)
KILLED: accepted wallet not applied (12 behavioral tests)
KILLED: stale pending wallet retained (6 behavioral tests)
KILLED: unsafe payout wallet allowed (2 behavioral tests)
KILLED: rotation erases accrued auction proceeds (4 behavioral tests)
KILLED: royalty recipient ignores shared wallet (15 behavioral tests)
KILLED: stealable trading royalties (4 behavioral tests)
KILLED: repeatable royalty withdrawal (4 behavioral tests)
KILLED: forced third-party mint delivery (2 behavioral tests)
KILLED: royalty pool double credit (16 behavioral tests)
KILLED: rank-to-token assignment reversed (14 behavioral tests)
KILLED: bid ID used instead of awarded token ID (6 behavioral tests)
KILLED: unsold mint consumes winning token IDs (4 behavioral tests)
KILLED: unauthorized ERC721 mint (2 behavioral tests)
KILLED: ERC721 token approval bypass (2 behavioral tests)
KILLED: missing transfer nonce (5 behavioral tests)
KILLED: stale listing nonce ignored (2 behavioral tests)
KILLED: ERC721 listing stays active after sale (3 behavioral tests)
KILLED: ERC721 supply exceeds 100 (2 behavioral tests)
KILLED: ERC721 receiver check bypassed (9 behavioral tests)
KILLED: top winner gets cutoff discount (14 behavioral tests)
KILLED: regular winner pays full bid (14 behavioral tests)
KILLED: uniform primary proceeds restored (19 behavioral tests)
KILLED: empty auction settlement underflows (34 behavioral tests)
KILLED: wrong initial duration (5 behavioral tests)
KILLED: old 24-hour duration restored (5 behavioral tests)
KILLED: old five-minute extension restored (5 behavioral tests)
KILLED: 24-hour extension cap introduced (2 behavioral tests)
KILLED: wrong reserved allocation (5 behavioral tests)
KILLED: reserved IDs overlap auction (38 behavioral tests)
KILLED: reserved batch ignores quantity (3 behavioral tests)
KILLED: reserved batch starts at wrong ID (40 behavioral tests)
KILLED: metadata ignores token ID (4 behavioral tests)
KILLED: metadata slash validation bypassed (2 behavioral tests)
All 60 intentional regressions were detected by at least two behavioral tests.
{
  "chainId": 31337,
  "result": "PASS",
  "auction": "0x5FbDB2315678afecb367f032d93F642f64180aa3",
  "edition": "0xa16E02E87b7454126E5E10d957A927A7F5B5d2be",
  "marketplace": "0x8Ff3801288a85ea261E4277d44E1131Ea736F77B",
  "gasUsed": {
    "atomic_deployment": 4826196,
    "reserve_4": 187705,
    "worst_bid": 590731,
    "settle": 772183,
    "claim_88": 3303806,
    "secondary_sale": 182611,
    "payout_rotation_accept": 30723,
    "reserve_6": 218657
  },
  "bids": 92,
  "minted": 100,
  "auctionEndingLiabilities": 0,
  "marketEndingLiabilities": 0,
  "auctionRoyalties": 0,
  "initialPayoutWallet": "0x70997970C51812dc3A010C7d01b50e0d17dc79C8",
  "finalPayoutWallet": "0x3C44CdDdB6a900fa2b585dd299e03d12FA4293BC",
  "walletRotation": "Two-step acceptance, old-wallet revocation, accrued and future revenue",
  "secondarySales": 2,
  "tokenStandard": "ERC-721",
  "tokenIds": "1-90 by final rank; 91-100 reserved",
  "metadata": "Fixed per-token off-chain endpoints; reveal policy belongs to the metadata service",
  "pricing": "Top bid pays full; ranks 2-90 pay 90th winning bid or reserve if undersubscribed",
  "initialDurationSeconds": 172800,
  "auctionedSupply": 90,
  "reservedSupply": 10,
  "outbidBps": 500,
  "increaseBps": 250,
  "extensionLimit": null,
  "extensionWindowSeconds": 600,
  "lateRankChangingIncreases": 146,
  "extensionSecondsAfterOriginalClose": 87454,
  "timedTransactions": [
    {
      "function": "createBid",
      "timestamp": 1788863574,
      "blockNumber": 6,
      "status": 1
    },
    {
      "function": "increaseBid",
      "timestamp": 1789036373,
      "blockNumber": 101,
      "status": 1
    },
    {
      "function": "increaseBid",
      "timestamp": 1789036972,
      "blockNumber": 102,
      "status": 1
    },
    {
      "function": "increaseBid",
      "timestamp": 1789037571,
      "blockNumber": 103,
      "status": 1
    },
    {
      "function": "increaseBid",
      "timestamp": 1789038170,
      "blockNumber": 104,
      "status": 1
    },
    {
      "function": "increaseBid",
      "timestamp": 1789038769,
      "blockNumber": 105,
      "status": 1
    },
    {
      "function": "increaseBid",
      "timestamp": 1789039368,
      "blockNumber": 106,
      "status": 1
    },
    {
      "function": "increaseBid",
      "timestamp": 1789039967,
      "blockNumber": 107,
      "status": 1
    },
    {
      "function": "increaseBid",
      "timestamp": 1789040566,
      "blockNumber": 108,
      "status": 1
    },
    {
      "function": "increaseBid",
      "timestamp": 1789041165,
      "blockNumber": 109,
      "status": 1
    },
    {
      "function": "increaseBid",
      "timestamp": 1789041764,
      "blockNumber": 110,
      "status": 1
    },
    {
      "function": "increaseBid",
      "timestamp": 1789042363,
      "blockNumber": 111,
      "status": 1
    },
    {
      "function": "increaseBid",
      "timestamp": 1789042962,
      "blockNumber": 112,
      "status": 1
    },
    {
      "function": "increaseBid",
      "timestamp": 1789043561,
      "blockNumber": 113,
      "status": 1
    },
    {
      "function": "increaseBid",
      "timestamp": 1789044160,
      "blockNumber": 114,
      "status": 1
    },
    {
      "function": "increaseBid",
      "timestamp": 1789044759,
      "blockNumber": 115,
      "status": 1
    },
    {
      "function": "increaseBid",
      "timestamp": 1789045358,
      "blockNumber": 116,
      "status": 1
    },
    {
      "function": "increaseBid",
      "timestamp": 1789045957,
      "blockNumber": 117,
      "status": 1
    },
    {
      "function": "increaseBid",
      "timestamp": 1789046556,
      "blockNumber": 118,
      "status": 1
    },
    {
      "function": "increaseBid",
      "timestamp": 1789047155,
      "blockNumber": 119,
      "status": 1
    },
    {
      "function": "increaseBid",
      "timestamp": 1789047754,
      "blockNumber": 120,
      "status": 1
    },
    {
      "function": "increaseBid",
      "timestamp": 1789048353,
      "blockNumber": 121,
      "status": 1
    },
    {
      "function": "increaseBid",
      "timestamp": 1789048952,
      "blockNumber": 122,
      "status": 1
    },
    {
      "function": "increaseBid",
      "timestamp": 1789049551,
      "blockNumber": 123,
      "status": 1
    },
    {
      "function": "increaseBid",
      "timestamp": 1789050150,
      "blockNumber": 124,
      "status": 1
    },
    {
      "function": "increaseBid",
      "timestamp": 1789050749,
      "blockNumber": 125,
      "status": 1
    },
    {
      "function": "increaseBid",
      "timestamp": 1789051348,
      "blockNumber": 126,
      "status": 1
    },
    {
      "function": "increaseBid",
      "timestamp": 1789051947,
      "blockNumber": 127,
      "status": 1
    },
    {
      "function": "increaseBid",
      "timestamp": 1789052546,
      "blockNumber": 128,
      "status": 1
    },
    {
      "function": "increaseBid",
      "timestamp": 1789053145,
      "blockNumber": 129,
      "status": 1
    },
    {
      "function": "increaseBid",
      "timestamp": 1789053744,
      "blockNumber": 130,
      "status": 1
    },
    {
      "function": "increaseBid",
      "timestamp": 1789054343,
      "blockNumber": 131,
      "status": 1
    },
    {
      "function": "increaseBid",
      "timestamp": 1789054942,
      "blockNumber": 132,
      "status": 1
    },
    {
      "function": "increaseBid",
      "timestamp": 1789055541,
      "blockNumber": 133,
      "status": 1
    },
    {
      "function": "increaseBid",
      "timestamp": 1789056140,
      "blockNumber": 134,
      "status": 1
    },
    {
      "function": "increaseBid",
      "timestamp": 1789056739,
      "blockNumber": 135,
      "status": 1
    },
    {
      "function": "increaseBid",
      "timestamp": 1789057338,
      "blockNumber": 136,
      "status": 1
    },
    {
      "function": "increaseBid",
      "timestamp": 1789057937,
      "blockNumber": 137,
      "status": 1
    },
    {
      "function": "increaseBid",
      "timestamp": 1789058536,
      "blockNumber": 138,
      "status": 1
    },
    {
      "function": "increaseBid",
      "timestamp": 1789059135,
      "blockNumber": 139,
      "status": 1
    },
    {
      "function": "increaseBid",
      "timestamp": 1789059734,
      "blockNumber": 140,
      "status": 1
    },
    {
      "function": "increaseBid",
      "timestamp": 1789060333,
      "blockNumber": 141,
      "status": 1
    },
    {
      "function": "increaseBid",
      "timestamp": 1789060932,
      "blockNumber": 142,
      "status": 1
    },
    {
      "function": "increaseBid",
      "timestamp": 1789061531,
      "blockNumber": 143,
      "status": 1
    },
    {
      "function": "increaseBid",
      "timestamp": 1789062130,
      "blockNumber": 144,
      "status": 1
    },
    {
      "function": "increaseBid",
      "timestamp": 1789062729,
      "blockNumber": 145,
      "status": 1
    },
    {
      "function": "increaseBid",
      "timestamp": 1789063328,
      "blockNumber": 146,
      "status": 1
    },
    {
      "function": "increaseBid",
      "timestamp": 1789063927,
      "blockNumber": 147,
      "status": 1
    },
    {
      "function": "increaseBid",
      "timestamp": 1789064526,
      "blockNumber": 148,
      "status": 1
    },
    {
      "function": "increaseBid",
      "timestamp": 1789065125,
      "blockNumber": 149,
      "status": 1
    },
    {
      "function": "increaseBid",
      "timestamp": 1789065724,
      "blockNumber": 150,
      "status": 1
    },
    {
      "function": "increaseBid",
      "timestamp": 1789066323,
      "blockNumber": 151,
      "status": 1
    },
    {
      "function": "increaseBid",
      "timestamp": 1789066922,
      "blockNumber": 152,
      "status": 1
    },
    {
      "function": "increaseBid",
      "timestamp": 1789067521,
      "blockNumber": 153,
      "status": 1
    },
    {
      "function": "increaseBid",
      "timestamp": 1789068120,
      "blockNumber": 154,
      "status": 1
    },
    {
      "function": "increaseBid",
      "timestamp": 1789068719,
      "blockNumber": 155,
      "status": 1
    },
    {
      "function": "increaseBid",
      "timestamp": 1789069318,
      "blockNumber": 156,
      "status": 1
    },
    {
      "function": "increaseBid",
      "timestamp": 1789069917,
      "blockNumber": 157,
      "status": 1
    },
    {
      "function": "increaseBid",
      "timestamp": 1789070516,
      "blockNumber": 158,
      "status": 1
    },
    {
      "function": "increaseBid",
      "timestamp": 1789071115,
      "blockNumber": 159,
      "status": 1
    },
    {
      "function": "increaseBid",
      "timestamp": 1789071714,
      "blockNumber": 160,
      "status": 1
    },
    {
      "function": "increaseBid",
      "timestamp": 1789072313,
      "blockNumber": 161,
      "status": 1
    },
    {
      "function": "increaseBid",
      "timestamp": 1789072912,
      "blockNumber": 162,
      "status": 1
    },
    {
      "function": "increaseBid",
      "timestamp": 1789073511,
      "blockNumber": 163,
      "status": 1
    },
    {
      "function": "increaseBid",
      "timestamp": 1789074110,
      "blockNumber": 164,
      "status": 1
    },
    {
      "function": "increaseBid",
      "timestamp": 1789074709,
      "blockNumber": 165,
      "status": 1
    },
    {
      "function": "increaseBid",
      "timestamp": 1789075308,
      "blockNumber": 166,
      "status": 1
    },
    {
      "function": "increaseBid",
      "timestamp": 1789075907,
      "blockNumber": 167,
      "status": 1
    },
    {
      "function": "increaseBid",
      "timestamp": 1789076506,
      "blockNumber": 168,
      "status": 1
    },
    {
      "function": "increaseBid",
      "timestamp": 1789077105,
      "blockNumber": 169,
      "status": 1
    },
    {
      "function": "increaseBid",
      "timestamp": 1789077704,
      "blockNumber": 170,
      "status": 1
    },
    {
      "function": "increaseBid",
      "timestamp": 1789078303,
      "blockNumber": 171,
      "status": 1
    },
    {
      "function": "increaseBid",
      "timestamp": 1789078902,
      "blockNumber": 172,
      "status": 1
    },
    {
      "function": "increaseBid",
      "timestamp": 1789079501,
      "blockNumber": 173,
      "status": 1
    },
    {
      "function": "increaseBid",
      "timestamp": 1789080100,
      "blockNumber": 174,
      "status": 1
    },
    {
      "function": "increaseBid",
      "timestamp": 1789080699,
      "blockNumber": 175,
      "status": 1
    },
    {
      "function": "increaseBid",
      "timestamp": 1789081298,
      "blockNumber": 176,
      "status": 1
    },
    {
      "function": "increaseBid",
      "timestamp": 1789081897,
      "blockNumber": 177,
      "status": 1
    },
    {
      "function": "increaseBid",
      "timestamp": 1789082496,
      "blockNumber": 178,
      "status": 1
    },
    {
      "function": "increaseBid",
      "timestamp": 1789083095,
      "blockNumber": 179,
      "status": 1
    },
    {
      "function": "increaseBid",
      "timestamp": 1789083694,
      "blockNumber": 180,
      "status": 1
    },
    {
      "function": "increaseBid",
      "timestamp": 1789084293,
      "blockNumber": 181,
      "status": 1
    },
    {
      "function": "increaseBid",
      "timestamp": 1789084892,
      "blockNumber": 182,
      "status": 1
    },
    {
      "function": "increaseBid",
      "timestamp": 1789085491,
      "blockNumber": 183,
      "status": 1
    },
    {
      "function": "increaseBid",
      "timestamp": 1789086090,
      "blockNumber": 184,
      "status": 1
    },
    {
      "function": "increaseBid",
      "timestamp": 1789086689,
      "blockNumber": 185,
      "status": 1
    },
    {
      "function": "increaseBid",
      "timestamp": 1789087288,
      "blockNumber": 186,
      "status": 1
    },
    {
      "function": "increaseBid",
      "timestamp": 1789087887,
      "blockNumber": 187,
      "status": 1
    },
    {
      "function": "increaseBid",
      "timestamp": 1789088486,
      "blockNumber": 188,
      "status": 1
    },
    {
      "function": "increaseBid",
      "timestamp": 1789089085,
      "blockNumber": 189,
      "status": 1
    },
    {
      "function": "increaseBid",
      "timestamp": 1789089684,
      "blockNumber": 190,
      "status": 1
    },
    {
      "function": "increaseBid",
      "timestamp": 1789090283,
      "blockNumber": 191,
      "status": 1
    },
    {
      "function": "increaseBid",
      "timestamp": 1789090882,
      "blockNumber": 192,
      "status": 1
    },
    {
      "function": "increaseBid",
      "timestamp": 1789091481,
      "blockNumber": 193,
      "status": 1
    },
    {
      "function": "increaseBid",
      "timestamp": 1789092080,
      "blockNumber": 194,
      "status": 1
    },
    {
      "function": "increaseBid",
      "timestamp": 1789092679,
      "blockNumber": 195,
      "status": 1
    },
    {
      "function": "increaseBid",
      "timestamp": 1789093278,
      "blockNumber": 196,
      "status": 1
    },
    {
      "function": "increaseBid",
      "timestamp": 1789093877,
      "blockNumber": 197,
      "status": 1
    },
    {
      "function": "increaseBid",
      "timestamp": 1789094476,
      "blockNumber": 198,
      "status": 1
    },
    {
      "function": "increaseBid",
      "timestamp": 1789095075,
      "blockNumber": 199,
      "status": 1
    },
    {
      "function": "increaseBid",
      "timestamp": 1789095674,
      "blockNumber": 200,
      "status": 1
    },
    {
      "function": "increaseBid",
      "timestamp": 1789096273,
      "blockNumber": 201,
      "status": 1
    },
    {
      "function": "increaseBid",
      "timestamp": 1789096872,
      "blockNumber": 202,
      "status": 1
    },
    {
      "function": "increaseBid",
      "timestamp": 1789097471,
      "blockNumber": 203,
      "status": 1
    },
    {
      "function": "increaseBid",
      "timestamp": 1789098070,
      "blockNumber": 204,
      "status": 1
    },
    {
      "function": "increaseBid",
      "timestamp": 1789098669,
      "blockNumber": 205,
      "status": 1
    },
    {
      "function": "increaseBid",
      "timestamp": 1789099268,
      "blockNumber": 206,
      "status": 1
    },
    {
      "function": "increaseBid",
      "timestamp": 1789099867,
      "blockNumber": 207,
      "status": 1
    },
    {
      "function": "increaseBid",
      "timestamp": 1789100466,
      "blockNumber": 208,
      "status": 1
    },
    {
      "function": "increaseBid",
      "timestamp": 1789101065,
      "blockNumber": 209,
      "status": 1
    },
    {
      "function": "increaseBid",
      "timestamp": 1789101664,
      "blockNumber": 210,
      "status": 1
    },
    {
      "function": "increaseBid",
      "timestamp": 1789102263,
      "blockNumber": 211,
      "status": 1
    },
    {
      "function": "increaseBid",
      "timestamp": 1789102862,
      "blockNumber": 212,
      "status": 1
    },
    {
      "function": "increaseBid",
      "timestamp": 1789103461,
      "blockNumber": 213,
      "status": 1
    },
    {
      "function": "increaseBid",
      "timestamp": 1789104060,
      "blockNumber": 214,
      "status": 1
    },
    {
      "function": "increaseBid",
      "timestamp": 1789104659,
      "blockNumber": 215,
      "status": 1
    },
    {
      "function": "increaseBid",
      "timestamp": 1789105258,
      "blockNumber": 216,
      "status": 1
    },
    {
      "function": "increaseBid",
      "timestamp": 1789105857,
      "blockNumber": 217,
      "status": 1
    },
    {
      "function": "increaseBid",
      "timestamp": 1789106456,
      "blockNumber": 218,
      "status": 1
    },
    {
      "function": "increaseBid",
      "timestamp": 1789107055,
      "blockNumber": 219,
      "status": 1
    },
    {
      "function": "increaseBid",
      "timestamp": 1789107654,
      "blockNumber": 220,
      "status": 1
    },
    {
      "function": "increaseBid",
      "timestamp": 1789108253,
      "blockNumber": 221,
      "status": 1
    },
    {
      "function": "increaseBid",
      "timestamp": 1789108852,
      "blockNumber": 222,
      "status": 1
    },
    {
      "function": "increaseBid",
      "timestamp": 1789109451,
      "blockNumber": 223,
      "status": 1
    },
    {
      "function": "increaseBid",
      "timestamp": 1789110050,
      "blockNumber": 224,
      "status": 1
    },
    {
      "function": "increaseBid",
      "timestamp": 1789110649,
      "blockNumber": 225,
      "status": 1
    },
    {
      "function": "increaseBid",
      "timestamp": 1789111248,
      "blockNumber": 226,
      "status": 1
    },
    {
      "function": "increaseBid",
      "timestamp": 1789111847,
      "blockNumber": 227,
      "status": 1
    },
    {
      "function": "increaseBid",
      "timestamp": 1789112446,
      "blockNumber": 228,
      "status": 1
    },
    {
      "function": "increaseBid",
      "timestamp": 1789113045,
      "blockNumber": 229,
      "status": 1
    },
    {
      "function": "increaseBid",
      "timestamp": 1789113644,
      "blockNumber": 230,
      "status": 1
    },
    {
      "function": "increaseBid",
      "timestamp": 1789114243,
      "blockNumber": 231,
      "status": 1
    },
    {
      "function": "increaseBid",
      "timestamp": 1789114842,
      "blockNumber": 232,
      "status": 1
    },
    {
      "function": "increaseBid",
      "timestamp": 1789115441,
      "blockNumber": 233,
      "status": 1
    },
    {
      "function": "increaseBid",
      "timestamp": 1789116040,
      "blockNumber": 234,
      "status": 1
    },
    {
      "function": "increaseBid",
      "timestamp": 1789116639,
      "blockNumber": 235,
      "status": 1
    },
    {
      "function": "increaseBid",
      "timestamp": 1789117238,
      "blockNumber": 236,
      "status": 1
    },
    {
      "function": "increaseBid",
      "timestamp": 1789117837,
      "blockNumber": 237,
      "status": 1
    },
    {
      "function": "increaseBid",
      "timestamp": 1789118436,
      "blockNumber": 238,
      "status": 1
    },
    {
      "function": "increaseBid",
      "timestamp": 1789119035,
      "blockNumber": 239,
      "status": 1
    },
    {
      "function": "increaseBid",
      "timestamp": 1789119634,
      "blockNumber": 240,
      "status": 1
    },
    {
      "function": "increaseBid",
      "timestamp": 1789120233,
      "blockNumber": 241,
      "status": 1
    },
    {
      "function": "increaseBid",
      "timestamp": 1789120832,
      "blockNumber": 242,
      "status": 1
    },
    {
      "function": "increaseBid",
      "timestamp": 1789121431,
      "blockNumber": 243,
      "status": 1
    },
    {
      "function": "increaseBid",
      "timestamp": 1789122030,
      "blockNumber": 244,
      "status": 1
    },
    {
      "function": "increaseBid",
      "timestamp": 1789122629,
      "blockNumber": 245,
      "status": 1
    },
    {
      "function": "increaseBid",
      "timestamp": 1789123228,
      "blockNumber": 246,
      "status": 1
    },
    {
      "function": "settle",
      "timestamp": 1789123827,
      "blockNumber": 247,
      "status": 0
    },
    {
      "function": "settle",
      "timestamp": 1789123828,
      "blockNumber": 248,
      "status": 1
    }
  ],
  "deploymentCheckerNegativeCases": [
    "incorrect royalty configuration rejected",
    "unexpected current payout wallet rejected",
    "unexpected pending payout wallet rejected",
    "inconsistent immutable bytecode rejected"
  ],
  "claimAuthorization": "Third-party forced mint rejected; winning bidders claim successfully"
}
PASS: all audit gates completed. Reports: audit/generated/
