No files changed, compilation skipped
Script ran successfully.

== Return ==
deployed: contract RankedAuction 0x5FbDB2315678afecb367f032d93F642f64180aa3

== Logs ==
  Chain ID 31337
  Shared payout wallet 0x70997970C51812dc3A010C7d01b50e0d17dc79C8
  Royalty BPS 1000
  Reserve (wei) 10000000000000000
  Start (unix seconds) 1788885061
  Initial end (unix seconds) 1789057861
  Initial off-chain metadata base URI https://metadata.example/local-e2e/
  ERC-721 collection name Local ERC721 NFTs
  ERC-721 symbol L721
  Auction 0x5FbDB2315678afecb367f032d93F642f64180aa3
  Edition 0xa16E02E87b7454126E5E10d957A927A7F5B5d2be
  Royalty marketplace 0x8Ff3801288a85ea261E4277d44E1131Ea736F77B

## Setting up 1 EVM.

==========================

Chain 31337

Estimated gas price: 2.000000001 gwei

Estimated total gas used for script: 8856549

Estimated amount required: 0.017713098008856549 ETH

==========================


==========================

ONCHAIN EXECUTION COMPLETE & SUCCESSFUL.

Transactions saved to: /var/folders/z8/l7lwbjk53j32dvfykd8lwg_r0000gn/T/auction-e2e-czqjen4l/broadcast/Deploy.s.sol/31337/run-latest.json

Sensitive values saved to: /private/tmp/lntv-full-audit-401/cache/Deploy.s.sol/31337/run-latest.json

2026-09-08T15:31:01.215513Z  WARN foundry_evm_traces::debug::sources: failed to parse contract definitions for lib/forge-std/StdAssertions.sol
2026-09-08T15:31:01.215624Z  WARN foundry_evm_traces::debug::sources: failed to parse contract definitions for lib/forge-std/StdError.sol
2026-09-08T15:31:01.215650Z  WARN foundry_evm_traces::debug::sources: failed to parse contract definitions for lib/forge-std/StdInvariant.sol
2026-09-08T15:31:01.215780Z  WARN foundry_evm_traces::debug::sources: failed to parse contract definitions for lib/forge-std/StdToml.sol
2026-09-08T15:31:01.215825Z  WARN foundry_evm_traces::debug::sources: failed to parse contract definitions for lib/forge-std/Test.sol
2026-09-08T15:31:01.216243Z  WARN foundry_evm_traces::debug::sources: failed to parse contract definitions for lib/openzeppelin-contracts/access/IAccessControl.sol
2026-09-08T15:31:01.216405Z  WARN foundry_evm_traces::debug::sources: failed to parse contract definitions for lib/openzeppelin-contracts/token/ERC1155/ERC1155.sol
2026-09-08T15:31:01.216443Z  WARN foundry_evm_traces::debug::sources: failed to parse contract definitions for lib/openzeppelin-contracts/token/ERC1155/IERC1155Receiver.sol
2026-09-08T15:31:01.216480Z  WARN foundry_evm_traces::debug::sources: failed to parse contract definitions for lib/openzeppelin-contracts/token/ERC1155/extensions/IERC1155MetadataURI.sol
2026-09-08T15:31:01.216504Z  WARN foundry_evm_traces::debug::sources: failed to parse contract definitions for lib/openzeppelin-contracts/token/ERC1155/utils/ERC1155Holder.sol
2026-09-08T15:31:01.216540Z  WARN foundry_evm_traces::debug::sources: failed to parse contract definitions for lib/openzeppelin-contracts/token/ERC1155/utils/ERC1155Utils.sol
2026-09-08T15:31:01.216568Z  WARN foundry_evm_traces::debug::sources: failed to parse contract definitions for lib/openzeppelin-contracts/token/ERC20/ERC20.sol
2026-09-08T15:31:01.216606Z  WARN foundry_evm_traces::debug::sources: failed to parse contract definitions for lib/openzeppelin-contracts/token/ERC20/extensions/IERC20Metadata.sol
2026-09-08T15:31:01.216754Z  WARN foundry_evm_traces::debug::sources: failed to parse contract definitions for lib/openzeppelin-contracts/utils/Arrays.sol
2026-09-08T15:31:01.216794Z  WARN foundry_evm_traces::debug::sources: failed to parse contract definitions for lib/openzeppelin-contracts/utils/Comparators.sol
2026-09-08T15:31:01.216891Z  WARN foundry_evm_traces::debug::sources: failed to parse contract definitions for lib/openzeppelin-contracts/utils/SlotDerivation.sol
2026-09-08T15:31:01.217131Z  WARN foundry_evm_traces::debug::sources: failed to parse contract definitions for lib/openzeppelin-contracts/utils/structs/EnumerableSet.sol
2026-09-08T15:31:01.217273Z  WARN foundry_evm_traces::debug::sources: failed to parse contract definitions for test/AdminAudit.t.sol
2026-09-08T15:31:01.217294Z  WARN foundry_evm_traces::debug::sources: failed to parse contract definitions for test/AdminFeatures.t.sol
2026-09-08T15:31:01.217318Z  WARN foundry_evm_traces::debug::sources: failed to parse contract definitions for test/AuctionInvariant.t.sol
2026-09-08T15:31:01.217344Z  WARN foundry_evm_traces::debug::sources: failed to parse contract definitions for test/BatchBidding.t.sol
2026-09-08T15:31:01.217367Z  WARN foundry_evm_traces::debug::sources: failed to parse contract definitions for test/CrossContractAudit.t.sol
2026-09-08T15:31:01.217402Z  WARN foundry_evm_traces::debug::sources: failed to parse contract definitions for test/Deployment.t.sol
2026-09-08T15:31:01.217431Z  WARN foundry_evm_traces::debug::sources: failed to parse contract definitions for test/FullAuditReview.t.sol
2026-09-08T15:31:01.217462Z  WARN foundry_evm_traces::debug::sources: failed to parse contract definitions for test/HolderApproval.t.sol
2026-09-08T15:31:01.217501Z  WARN foundry_evm_traces::debug::sources: failed to parse contract definitions for test/MarketInvariant.t.sol
2026-09-08T15:31:01.217521Z  WARN foundry_evm_traces::debug::sources: failed to parse contract definitions for test/Metadata.t.sol
2026-09-08T15:31:01.217543Z  WARN foundry_evm_traces::debug::sources: failed to parse contract definitions for test/MutationBehavior.t.sol
2026-09-08T15:31:01.217571Z  WARN foundry_evm_traces::debug::sources: failed to parse contract definitions for test/OpenSeaIntegration.t.sol
2026-09-08T15:31:01.217616Z  WARN foundry_evm_traces::debug::sources: failed to parse contract definitions for test/PayoutWallet.t.sol
2026-09-08T15:31:01.217693Z  WARN foundry_evm_traces::debug::sources: failed to parse contract definitions for test/RankedAuction.t.sol
2026-09-08T15:31:01.217725Z  WARN foundry_evm_traces::debug::sources: failed to parse contract definitions for test/RefundRecovery.t.sol
2026-09-08T15:31:01.217753Z  WARN foundry_evm_traces::debug::sources: failed to parse contract definitions for test/RoyaltyMarketplace.t.sol
2026-09-08T15:31:01.217836Z  WARN foundry_evm_traces::debug::sources: failed to parse contract definitions for test/TestBase.sol
2026-09-08T15:31:01.217863Z  WARN foundry_evm_traces::debug::sources: failed to parse contract definitions for test/TieredAllocation.t.sol
2026-09-08T15:31:01.217889Z  WARN foundry_evm_traces::debug::sources: failed to parse contract definitions for test/TradingTestSetup.sol
2026-09-08T15:31:01.217953Z  WARN foundry_evm_traces::debug::sources: failed to parse contract definitions for test/vendor/opensea-zone/lib/erc721c-seaport/src/interfaces/IAuthorizedTransferSecurityRegistry.sol
2026-09-08T15:31:01.217992Z  WARN foundry_evm_traces::debug::sources: failed to parse contract definitions for test/vendor/opensea-zone/src/main/interfaces/ZoneInterface.sol
2026-09-08T15:31:01.218040Z  WARN foundry_evm_traces::debug::sources: failed to parse contract definitions for test/vendor/opensea-zone/src/main/zones/interfaces/SIP5Interface.sol
2026-09-08T15:31:01.218095Z  WARN foundry_evm_traces::debug::sources: failed to parse contract definitions for test/vendor/opensea-zone/src/main/zones/signed-zone/interfaces/SignedZoneControllerInterface.sol
2026-09-08T15:31:01.218133Z  WARN foundry_evm_traces::debug::sources: failed to parse contract definitions for test/vendor/opensea-zone/src/main/zones/signed-zone/interfaces/SignedZoneEventsAndErrors.sol
2026-09-08T15:31:01.218175Z  WARN foundry_evm_traces::debug::sources: failed to parse contract definitions for test/vendor/opensea-zone/src/main/zones/signed-zone/signed-zone-sub-1/SignedZone.sol
2026-09-08T15:31:01.218221Z  WARN foundry_evm_traces::debug::sources: failed to parse contract definitions for test/vendor/opensea-zone/src/main/zones/signed-zone/signed-zone-sub-1/lib/SignedZoneConstants.sol
2026-09-08T15:31:01.218328Z  WARN foundry_evm_traces::debug::sources: failed to parse contract definitions for test/vendor/opensea-zone/src/types/helpers/PointerLibraries.sol
2026-09-08T15:31:01.218372Z  WARN foundry_evm_traces::debug::sources: failed to parse contract definitions for test/vendor/opensea-zone/src/types/interfaces/IERC165.sol
2026-09-08T15:31:01.218425Z  WARN foundry_evm_traces::debug::sources: failed to parse contract definitions for test/vendor/opensea-zone/src/types/interfaces/ZoneInterface.sol
2026-09-08T15:31:01.218448Z  WARN foundry_evm_traces::debug::sources: failed to parse contract definitions for test/vendor/opensea-zone/src/types/lib/ConsiderationEnums.sol
2026-09-08T15:31:01.218529Z  WARN foundry_evm_traces::debug::sources: failed to parse contract definitions for test/vendor/opensea-zone/src/types/lib/ConsiderationStructs.sol
2026-09-08T15:31:01.218613Z  WARN foundry_evm_traces::debug::sources: failed to parse contract definitions for test/vendor/opensea/lib/tstorish/src/Tstorish.sol
2026-09-08T15:31:01.218642Z  WARN foundry_evm_traces::debug::sources: failed to parse contract definitions for test/vendor/opensea/src/StrictAuthorizedTransferSecurityRegistry.sol
2026-09-08T15:31:01.218721Z  WARN foundry_evm_traces::debug::sources: failed to parse contract definitions for test/vendor/opensea/src/StrictAuthorizedTransferSecurityRegistryExtraViewFns.sol
2026-09-08T15:31:01.218741Z  WARN foundry_evm_traces::debug::sources: failed to parse contract definitions for test/vendor/opensea/src/interfaces/ICreatorTokenTransferValidator.sol
2026-09-08T15:31:01.218821Z  WARN foundry_evm_traces::debug::sources: failed to parse contract definitions for test/vendor/opensea/src/interfaces/IEOARegistry.sol
2026-09-08T15:31:01.218839Z  WARN foundry_evm_traces::debug::sources: failed to parse contract definitions for test/vendor/opensea/src/interfaces/IOwnable.sol
2026-09-08T15:31:01.218915Z  WARN foundry_evm_traces::debug::sources: failed to parse contract definitions for test/vendor/opensea/src/interfaces/IStrictAuthorizedTransferSecurityRegistry.sol
2026-09-08T15:31:01.218935Z  WARN foundry_evm_traces::debug::sources: failed to parse contract definitions for test/vendor/opensea/src/interfaces/ITransferSecurityRegistry.sol
2026-09-08T15:31:01.219004Z  WARN foundry_evm_traces::debug::sources: failed to parse contract definitions for test/vendor/opensea/src/interfaces/ITransferValidator.sol
2026-09-08T15:31:01.219025Z  WARN foundry_evm_traces::debug::sources: failed to parse contract definitions for test/vendor/opensea/src/utils/TransferPolicy.sol
2026-09-08T15:31:01.219131Z  WARN foundry_evm_traces::debug::sources: failed to parse contract definitions for script/ConfigureTrading.s.sol
2026-09-08T15:31:01.225535Z  WARN evm::traces::external: etherscan config not found
