{
  "chainId": 31337,
  "result": "PASS",
  "auction": "0x5FbDB2315678afecb367f032d93F642f64180aa3",
  "edition": "0xa16E02E87b7454126E5E10d957A927A7F5B5d2be",
  "marketplace": "0x8Ff3801288a85ea261E4277d44E1131Ea736F77B",
  "gasUsed": {
    "atomic_deployment": 4826220,
    "reserve_4": 187705,
    "worst_bid": 590731,
    "settle": 772183,
    "claim_88": 3303806,
    "secondary_sale": 182611,
    "payout_rotation_accept": 30723,
    "reserve_6": 218657
  },
  "bids": 92,
  "minted": 100,
  "auctionEndingLiabilities": 0,
  "marketEndingLiabilities": 0,
  "auctionRoyalties": 0,
  "initialPayoutWallet": "0x70997970C51812dc3A010C7d01b50e0d17dc79C8",
  "finalPayoutWallet": "0x3C44CdDdB6a900fa2b585dd299e03d12FA4293BC",
  "walletRotation": "Two-step acceptance, old-wallet revocation, accrued and future revenue",
  "secondarySales": 2,
  "tokenStandard": "ERC-721",
  "tokenIds": "1-90 by final rank; 91-100 reserved",
  "metadata": "Fixed per-token off-chain endpoints; reveal policy belongs to the metadata service",
  "pricing": "Top bid pays full; ranks 2-90 pay 90th winning bid or reserve if undersubscribed",
  "initialDurationSeconds": 86400,
  "auctionedSupply": 90,
  "reservedSupply": 10,
  "outbidBps": 500,
  "increaseBps": 250,
  "extensionLimit": null,
  "lateRankChangingIncreases": 30,
  "extensionSecondsAfterOriginalClose": 8970,
  "timedTransactions": [
    {
      "function": "createBid",
      "timestamp": 1788771691,
      "blockNumber": 6,
      "status": 1
    },
    {
      "function": "increaseBid",
      "timestamp": 1788858090,
      "blockNumber": 101,
      "status": 1
    },
    {
      "function": "increaseBid",
      "timestamp": 1788858389,
      "blockNumber": 102,
      "status": 1
    },
    {
      "function": "increaseBid",
      "timestamp": 1788858688,
      "blockNumber": 103,
      "status": 1
    },
    {
      "function": "increaseBid",
      "timestamp": 1788858987,
      "blockNumber": 104,
      "status": 1
    },
    {
      "function": "increaseBid",
      "timestamp": 1788859286,
      "blockNumber": 105,
      "status": 1
    },
    {
      "function": "increaseBid",
      "timestamp": 1788859585,
      "blockNumber": 106,
      "status": 1
    },
    {
      "function": "increaseBid",
      "timestamp": 1788859884,
      "blockNumber": 107,
      "status": 1
    },
    {
      "function": "increaseBid",
      "timestamp": 1788860183,
      "blockNumber": 108,
      "status": 1
    },
    {
      "function": "increaseBid",
      "timestamp": 1788860482,
      "blockNumber": 109,
      "status": 1
    },
    {
      "function": "increaseBid",
      "timestamp": 1788860781,
      "blockNumber": 110,
      "status": 1
    },
    {
      "function": "increaseBid",
      "timestamp": 1788861080,
      "blockNumber": 111,
      "status": 1
    },
    {
      "function": "increaseBid",
      "timestamp": 1788861379,
      "blockNumber": 112,
      "status": 1
    },
    {
      "function": "increaseBid",
      "timestamp": 1788861678,
      "blockNumber": 113,
      "status": 1
    },
    {
      "function": "increaseBid",
      "timestamp": 1788861977,
      "blockNumber": 114,
      "status": 1
    },
    {
      "function": "increaseBid",
      "timestamp": 1788862276,
      "blockNumber": 115,
      "status": 1
    },
    {
      "function": "increaseBid",
      "timestamp": 1788862575,
      "blockNumber": 116,
      "status": 1
    },
    {
      "function": "increaseBid",
      "timestamp": 1788862874,
      "blockNumber": 117,
      "status": 1
    },
    {
      "function": "increaseBid",
      "timestamp": 1788863173,
      "blockNumber": 118,
      "status": 1
    },
    {
      "function": "increaseBid",
      "timestamp": 1788863472,
      "blockNumber": 119,
      "status": 1
    },
    {
      "function": "increaseBid",
      "timestamp": 1788863771,
      "blockNumber": 120,
      "status": 1
    },
    {
      "function": "increaseBid",
      "timestamp": 1788864070,
      "blockNumber": 121,
      "status": 1
    },
    {
      "function": "increaseBid",
      "timestamp": 1788864369,
      "blockNumber": 122,
      "status": 1
    },
    {
      "function": "increaseBid",
      "timestamp": 1788864668,
      "blockNumber": 123,
      "status": 1
    },
    {
      "function": "increaseBid",
      "timestamp": 1788864967,
      "blockNumber": 124,
      "status": 1
    },
    {
      "function": "increaseBid",
      "timestamp": 1788865266,
      "blockNumber": 125,
      "status": 1
    },
    {
      "function": "increaseBid",
      "timestamp": 1788865565,
      "blockNumber": 126,
      "status": 1
    },
    {
      "function": "increaseBid",
      "timestamp": 1788865864,
      "blockNumber": 127,
      "status": 1
    },
    {
      "function": "increaseBid",
      "timestamp": 1788866163,
      "blockNumber": 128,
      "status": 1
    },
    {
      "function": "increaseBid",
      "timestamp": 1788866462,
      "blockNumber": 129,
      "status": 1
    },
    {
      "function": "increaseBid",
      "timestamp": 1788866761,
      "blockNumber": 130,
      "status": 1
    },
    {
      "function": "settle",
      "timestamp": 1788867060,
      "blockNumber": 131,
      "status": 0
    },
    {
      "function": "settle",
      "timestamp": 1788867061,
      "blockNumber": 132,
      "status": 1
    }
  ],
  "deploymentCheckerNegativeCases": [
    "incorrect royalty configuration rejected",
    "unexpected current payout wallet rejected",
    "unexpected pending payout wallet rejected",
    "inconsistent immutable bytecode rejected"
  ],
  "claimAuthorization": "Third-party forced mint rejected; winning bidders claim successfully"
}
