Compiling 14 files with Solc 0.8.28
Solc 0.8.28 finished in 17.22s
Compiler run successful with warnings:
Warning (5159): "selfdestruct" has been deprecated. Note that, starting from the Cancun hard fork, the underlying opcode no longer deletes the code and data associated with an account and only transfers its Ether to the beneficiary, unless executed in the same transaction in which the contract was created (see EIP-6780). Any use in newly deployed contracts is strongly discouraged even if the new behavior is taken into account. Future changes to the EVM might further reduce the functionality of the opcode.
   --> test/TestBase.sol:147:9:
    |
147 |         selfdestruct(to);
    |         ^^^^^^^^^^^^


Ran 3 tests for test/Metadata.t.sol:MetadataTest
[PASS] testBaseEndpointMustEndWithSlash() (gas: 6526076)
[PASS] testDistinctOffchainEndpointsForAuctionAndReservedNfts() (gas: 2889243)
[PASS] testNoOnchainRevealAuthority() (gas: 2885588)
Suite result: ok. 3 passed; 0 failed; 0 skipped; finished in 22.32ms (8.71ms CPU time)

Ran 11 tests for test/AdminFeatures.t.sol:AdminFeaturesTest
[PASS] testMetadataAuthorizationValidationAndWalletRotation() (gas: 105557)
[PASS] testMetadataUpdateChangesAllMintedAndFutureEndpointsAndEmitsRefresh() (gas: 2927905)
[PASS] testOwnCollectionCannotBeRescuedOrBypassRoyalties() (gas: 2954478)
[PASS] testRejectInvalidTokenRecipientAndAmount() (gas: 659619)
[PASS] testRejectedRescuePreservesForeignBalancesAndCannotTakeThirdPartyNFT() (gas: 2643516)
[PASS] testRescueAllThreeTokenTypesFromAllThreeContracts() (gas: 2738810)
[PASS] testRescueAuthorityFollowsAcceptedWalletForEveryContractAndTokenType() (gas: 2795168)
[PASS] testRescueCannotReenterAnyContractEvenWhenRecipientIsAdmin() (gas: 1907118)
[PASS] testRescueFunctionsRejectEthPayments() (gas: 93825)
[PASS] testRescueLeavesEthAndAuctionRefundAccountingUntouched() (gas: 1027514)
[PASS] testSafeERC20SupportsNoReturnAndRejectsFalseReturn() (gas: 259106)
Suite result: ok. 11 passed; 0 failed; 0 skipped; finished in 30.90ms (17.30ms CPU time)

Ran 14 tests for test/PayoutWallet.t.sol:PayoutWalletTest
[PASS] testAccruedAndFutureBusinessRevenueMovesWhileBidderAndSellerFundsStayOwned() (gas: 3323378)
[PASS] testConstructorRejectsSystemAddressesAsPayoutWallet() (gas: 11561032)
[PASS] testFormerWalletKeepsItsOwnSellerCreditsAndBidderRefunds() (gas: 803226)
[PASS] testNominationCanBeReplacedOrCancelledAndStaleAcceptanceFails() (gas: 69714)
[PASS] testNominationRequiresAcceptanceAndEmitsBothEvents() (gas: 58823)
[PASS] testOutsidersCannotProposeAcceptOrCancel() (gas: 82531)
[PASS] testPrimaryAuctionHasNoRoyaltiesEvenAt100PercentTradingRate() (gas: 6753046)
[PASS] testProceedsCallbackCannotRotateOrDoubleWithdraw() (gas: 968698)
[PASS] testRejectingContractWalletCanAcceptAndRedirectPayments() (gas: 442904)
[PASS] testRepeatedRotationsRevokeFormerWallets() (gas: 114240)
[PASS] testRotatingDuringLiveAuctionDoesNotAlterBidsOrAuctionTerms() (gas: 315739)
[PASS] testRoyaltiesWithdrawalValidationAndDoubleWithdrawal() (gas: 3138852)
[PASS] testRoyaltyWithdrawalCannotReenterSellerWithdrawal() (gas: 3767480)
[PASS] testUnsafePayoutWalletsAreRejected() (gas: 70600)
Suite result: ok. 14 passed; 0 failed; 0 skipped; finished in 31.68ms (18.14ms CPU time)

Ran 6 tests for test/Deployment.t.sol:DeploymentTest
[PASS] testChainMismatchAndUnsupportedNetwork() (gas: 44655)
[PASS] testDeploymentRunLoadsEnvironmentAndBindsAllContracts() (gas: 6313242)
[PASS] testLeadTimeAndFixed48HourDuration() (gas: 6296931)
[PASS] testNoSilentNumericTruncation() (gas: 69053)
[PASS] testRejectsZeroPayoutAndEmptyMetadata() (gas: 70540)
[PASS] testValidatesDeploymentConfiguration() (gas: 29503)
Suite result: ok. 6 passed; 0 failed; 0 skipped; finished in 34.51ms (21.85ms CPU time)

Ran 15 tests for test/MutationBehavior.t.sol:MutationBehaviorTest
[PASS] testBiddingRemainsOpenAtHour47() (gas: 400033)
[PASS] testFormerSellerCannotCancelCurrentOwnersResale() (gas: 460067)
[PASS] testFreePurchaseCannotSpendExistingSellerProceeds() (gas: 3245002)
[PASS] testInsufficientTopUpCannotChangeRankOrDelayClosing() (gas: 14558646)
[PASS] testInvalidNomineeCannotEraseUsablePayoutReplacement() (gas: 322465)
[PASS] testMintReceiverCannotMintAnUnallocatedAuctionToken() (gas: 1200716)
[PASS] testNewBidRoundsFivePercentUpBeforeDisplacingWeiPricedTail() (gas: 20895515)
[PASS] testPurchasedNftApprovalDoesNotBypassRegistryAndClearsAfterResale() (gas: 471055)
[PASS] testPurchasedNftRequiresAnotherRoyaltyPayingSaleToTransferAgain() (gas: 464036)
[PASS] testRankIncreaseAcrossUint64BoundaryPreservesBiddingAndSettlement() (gas: 6717586)
[PASS] testRankIncreasesKeepAuctionLiveBeyond24HourExtension() (gas: 7616598)
[PASS] testRefundCreditDoesNotAuthorizeForcedBatchMint() (gas: 718223)
[PASS] testSellerCannotWithdrawTwiceUsingAnotherSellersBalance() (gas: 473178)
[PASS] testSettlementCannotReleaseFundsAtHour24() (gas: 299263)
[PASS] testStandaloneEditionRequiresSeparatorForMintedTokenEndpoints() (gas: 3923705)
Suite result: ok. 15 passed; 0 failed; 0 skipped; finished in 55.06ms (41.34ms CPU time)

Ran 18 tests for test/OpenSeaIntegration.t.sol:OpenSeaIntegrationTest
[PASS] testActualOpenSeaConduitPaysTenPercent() (gas: 319853)
[PASS] testActualSeaportAndSignedZonePayTenPercentAndClearAuthorization() (gas: 316150)
[PASS] testActualSeaportERC20OfferAcceptancePaysTenPercent() (gas: 719651)
[PASS] testConduitApprovalAloneCannotBypassRoyalties() (gas: 184287)
[PASS] testConfigurationRejectsMissingRegistryAndUnauthorizedCaller() (gas: 46972)
[PASS] testCreatorTokenInterfacesAndStrictRegistryConfiguration() (gas: 59607)
[PASS] testFilledSeaportOrderCannotReplay() (gas: 284584)
[PASS] testMissingFakeExpiredAndWrongFulfillerSignaturesFail() (gas: 215848)
[PASS] testOpenSeaConduitWorksWithInertAutoApprovalFlagEnabled() (gas: 328423)
[PASS] testOpenSeaERC20OfferWorksWithInertAutoApprovalFlagEnabled() (gas: 735108)
[PASS] testOpenSeaTransferInvalidatesExistingLocalListing() (gas: 523277)
[PASS] testOrdinarySeaportOrderCannotBypassRoyalties() (gas: 108105)
[PASS] testOtherCompatibleMarketplaceTradesWithoutCustomMarket() (gas: 684169)
[PASS] testRemovingRoyaltyCannotReuseZoneAuthorization() (gas: 105829)
[PASS] testRotationMovesCreatorTokenAdministrationAndNewSaleRoyalties() (gas: 276543)
[PASS] testUnconfiguredEditionCanMintButCannotTransfer() (gas: 3809237)
[PASS] testUnsetValidatorCannotDisableEnforcement() (gas: 524369)
[PASS] testZoneAuthorizationCannotMoveAnotherToken() (gas: 110754)
Suite result: ok. 18 passed; 0 failed; 0 skipped; finished in 172.15ms (148.76ms CPU time)

Ran 6 tests for test/AdminAudit.t.sol:AdminAuditTest
[PASS] testERC1155AdminReceiverCannotReenterRescueOnAnyContract() (gas: 1854332)
[PASS] testERC20CallbackCannotReenterAuctionMetadataOrRoyaltyWithdrawal() (gas: 969790)
[PASS] testFalseReturningERC20RollsBackTransferAndCallbackState() (gas: 898287)
[PASS] testFuzzRescueConservesForeignTokenBalances(uint96,uint96,uint8) (runs: 1024, μ: 1528958, ~: 1531062)
[PASS] testMetadataAndRescuePreserveAccruedSellerAndRoyaltyCredits() (gas: 3609155)
[PASS] testRescueDoesNotBypassRecoveryDelayOrCloseRefundsAfterEligibility() (gas: 949024)
Suite result: ok. 6 passed; 0 failed; 0 skipped; finished in 892.42ms (880.37ms CPU time)

Ran 7 tests for test/HolderApproval.t.sol:HolderApprovalTest
[PASS] testEnablingAutoApprovalBeforeMintingCannotSeizeFutureNFTs() (gas: 268154)
[PASS] testEnablingAutoApprovalBeforeValidatorReplacementCannotSeize() (gas: 3041114)
[PASS] testExplicitTokenApprovalStillWorksAndClearsOnTransfer() (gas: 3110919)
[PASS] testFuzzValidatorNeedsHolderConsent(uint8,bool,bool) (runs: 1024, μ: 3044733, ~: 3044772)
[PASS] testPayoutRotationCannotGrantHolderApprovals() (gas: 3057104)
[PASS] testPayoutWalletCannotSeizeAnyOfThe100MintedNFTs() (gas: 4310193)
[PASS] testRevokingExplicitOperatorApprovalCannotBeUndoneByTheCreator() (gas: 3122794)
Suite result: ok. 7 passed; 0 failed; 0 skipped; finished in 2.65s (2.69s CPU time)

Ran 28 tests for test/RoyaltyMarketplace.t.sol:RoyaltyMarketplaceTest
[PASS] testAllERC721TransferEntrypointsRequireRegistryAuthorization() (gas: 2919343)
[PASS] testApprovedUntrustedOperatorStillCannotTransfer() (gas: 2889024)
[PASS] testBuyRejectsInvalidPaymentAndRecipient() (gas: 3033339)
[PASS] testBuyerMayChooseDifferentReceiver() (gas: 3097617)
[PASS] testCancellingAnotherListingPreservesCompletedSale() (gas: 3152950)
[PASS] testERC165AndERC2981AndMetadata() (gas: 2919972)
[PASS] testERC721CallbackCannotReenterBuyOrCancel() (gas: 3880689)
[PASS] testExpiryExclusive() (gas: 3163040)
[PASS] testForcedEtherDoesNotCreateCredits() (gas: 2916335)
[PASS] testFullRoyaltyAndSameSellerReceiverDoNotLoseFunds() (gas: 9570271)
[PASS] testFuzzRoyaltyMathNoOverflow(uint256,uint96) (runs: 1024, μ: 3705081, ~: 3705298)
[PASS] testFuzzTokenSaleConservesValue(uint128,uint16) (runs: 1024, μ: 3101002, ~: 3101959)
[PASS] testIndividualSalesPayRoyaltyAndSellerExactly() (gas: 3225827)
[PASS] testListingRequirements() (gas: 2925212)
[PASS] testMintAuthorityUniqueIdsAndLifetimeCap() (gas: 6681483)
[PASS] testOneWeiSaleCannotRoundRoyaltyToZero() (gas: 3070819)
[PASS] testOnlySellerCanCancelAndListingIdNeverReused() (gas: 3024523)
[PASS] testOverlappingListingsCannotSellAnNftTwiceOrReviveOnReturn() (gas: 3438282)
[PASS] testRejectedMintRollsBackSupply() (gas: 6698479)
[PASS] testRejectingNFTReceiverCannotConsumeBuyerFunds() (gas: 3216632)
[PASS] testRejectingSellerAndRoyaltyReceiversCannotBlockSale() (gas: 9492444)
[PASS] testRevokedApprovalRollsBackFillAndCredit() (gas: 3117721)
[PASS] testSelfPurchasePaysRoyaltyAndInvalidatesOtherListings() (gas: 3138776)
[PASS] testTokenApprovalAllowsMarketAndClearsOnTransfer() (gas: 3126042)
[PASS] testTransfersCannotMintUnissuedIds() (gas: 28386)
[PASS] testUnsolicitedMarketEtherRejected() (gas: 14807)
[PASS] testWithdrawAccessValidationAndRevertsPreserveFunds() (gas: 3213372)
[PASS] testWithdrawalCallbackCannotReenter() (gas: 10275490)
Suite result: ok. 28 passed; 0 failed; 0 skipped; finished in 2.88s (2.88s CPU time)

Ran 10 tests for test/TieredAllocation.t.sol:TieredAllocationTest
[PASS] testFixedSupplyAnd48HourDuration() (gas: 21396)
[PASS] testRejectedReservedBatchRollsBackAndCanBeRedirected() (gas: 1062103)
[PASS] testReservedAllocationIndependentOfAuctionAndClaimOrder() (gas: 17718160)
[PASS] testReservedReceiverCannotReenterClaimsOrRotateWallet() (gas: 1080379)
[PASS] testReservedValidationAndLifetimeLimit() (gas: 389537)
[PASS] testRotationTransfersOnlyUnclaimedReservedEntitlements() (gas: 395575)
[PASS] testSingleWinnerPaysFullAndEmptyAuctionHasNoProceeds() (gas: 6660013)
[PASS] testTiedTopBidsUseOriginalBidPriorityAndDifferentCosts() (gas: 485161)
[PASS] testTopPaysFullAndOthersPay90thWithIndependentRefunds() (gas: 14842181)
[PASS] testWinningCostOnlyExistsForSettledWinners() (gas: 14676721)
Suite result: ok. 10 passed; 0 failed; 0 skipped; finished in 60.59ms (55.65ms CPU time)

Ran 5 tests for test/CrossContractAudit.t.sol:CrossContractAuditTest
[PASS] testFuzzClaimsCreditsAndWithdrawalsInDifferentOrders(uint256,uint8) (runs: 1024, μ: 6688835, ~: 4832200)
[PASS] testLaterMintRejectionRollsBackEarlierCallbackSaleAndPayment() (gas: 1320689)
[PASS] testMintCallbackSalePreservesSeparateAuctionAndMarketAccounting() (gas: 1119323)
[PASS] testPayoutAcceptanceDuringSaleKeepsRoyaltiesAndBlocksNestedWithdrawal() (gas: 3401408)
[PASS] testRejectedSaleRollsBackPayoutAcceptanceAndEveryCredit() (gas: 3426033)
Suite result: ok. 5 passed; 0 failed; 0 skipped; finished in 6.97s (6.98s CPU time)

Ran 30 tests for test/BatchBidding.t.sol:BatchBiddingTest
[PASS] testBatchAtExactExtensionWindowDoesNotMoveEnd() (gas: 572210)
[PASS] testBatchBeforeStartRejectedThenAcceptedAtStart() (gas: 344704)
[PASS] testBatchOver90RejectedBeforeFundingOrBidding() (gas: 89531)
[PASS] testBatchRefundsStayOpenUntilRecoveryAfterSettlementDelay() (gas: 614977)
[PASS] testBatchRejectedAtEndAndAfterSettlement() (gas: 154275)
[PASS] testBatchWinnerTopUpsClaimsAndTieredRefundsRemainIndependent() (gas: 651043)
[PASS] testContractWalletOwnsBatchWithoutReceiverCallbacks() (gas: 699575)
[PASS] testDistinctBidAmountsOwnersIdsAndEvents() (gas: 490472)
[PASS] testEmptyBatchRejected() (gas: 47679)
[PASS] testExistingEscrowCannotFundAnotherWalletsBatch() (gas: 209339)
[PASS] testFillingLastSlotChangesMinimumWithinBatch() (gas: 14754935)
[PASS] testForcedSurplusCannotSubstituteForBatchPayment() (gas: 86734)
[PASS] testFuzzBatchMatchesSequentialBidding(uint96,uint8,uint8) (runs: 1024, μ: 13534879, ~: 13555264)
[PASS] testFuzzInvalidLaterBidRollsBackEveryWei(uint96,uint8) (runs: 1024, μ: 588496, ~: 471526)
[PASS] testInvalidLastBidRollsBackIdsEscrowAndExtension() (gas: 527913)
[PASS] testLateBatchExtendsOnceToTenMinutesFromTransaction() (gas: 685654)
[PASS] testLaterBidCanDisplaceEarlierBatchBidAndRefundOriginalWallet() (gas: 14770964)
[PASS] testMaximumBatchRetainsNinetyIndependentWinsAndTenReserves() (gas: 16943543)
[PASS] testMintCallbackCannotReenterBatchBiddingWhileLive() (gas: 774180)
[PASS] testMultipleMaximumBatchesHaveNoWalletBidCap() (gas: 24340996)
[PASS] testNewFloorRejectsLaterBidAndRestoresDisplacedBid() (gas: 14622930)
[PASS] testOneElementBatchRetainsSingleBidBehavior() (gas: 411495)
[PASS] testOverflowingInputSumRevertsBeforeAnyBid() (gas: 46054)
[PASS] testOverpaymentRevertsWholeBatch() (gas: 55456)
[PASS] testOversizedIndividualBidCannotTruncateInBatch() (gas: 224395)
[PASS] testRefundCallbackCannotReenterBatchBidding() (gas: 15227608)
[PASS] testSingleAndBatchShareIdsAndStableTiePriority() (gas: 576161)
[PASS] testTotalCanExceedUint128WhileEveryBidFits() (gas: 473264)
[PASS] testUnderpaymentRevertsWholeBatch() (gas: 55079)
[PASS] testWeiFloorRoundsUpSeparatelyForEveryBatchBid() (gas: 21218671)
Suite result: ok. 30 passed; 0 failed; 0 skipped; finished in 7.86s (8.58s CPU time)

Ran 43 tests for test/RankedAuction.t.sol:RankedAuctionTest
[PASS] testClaimsRequireSettlementAndValidBatches() (gas: 199148)
[PASS] testConfigurationAndBindings() (gas: 37381)
[PASS] testDisplacedBidCannotBeIncreasedOrClaimed() (gas: 14683950)
[PASS] testDisplacementNeverCallsRejectingBidder() (gas: 14760920)
[PASS] testDuplicateTokenClaimRevertsWholeBatch() (gas: 323455)
[PASS] testEmptyAuctionAndUnsoldClaim() (gas: 2616978)
[PASS] testEmptyPagination() (gas: 8803)
[PASS] testExactTimeBoundaries() (gas: 334474)
[PASS] testExistingBidRequiresTwoPointFivePercentRoundedUpAndCompounds() (gas: 321327)
[PASS] testExtensionDoesNotTruncateAtUint64Boundary() (gas: 6667200)
[PASS] testFinalRankFixesTokenIdsRegardlessOfClaimOrder() (gas: 801692)
[PASS] testForcedEtherCannotAlterPricingOrBeStolen() (gas: 331747)
[PASS] testFullyAllocatedOutbidAndFullLoserRefund() (gas: 14561272)
[PASS] testFuzzTieredSettlement(uint128,uint128,uint8) (runs: 1024, μ: 3922389, ~: 1846683)
[PASS] testIncreaseMaintainsSizeAndOriginalTiePriority() (gas: 489943)
[PASS] testInvalidAndUnauthorizedIncrease() (gas: 237337)
[PASS] testLargeBidCannotTruncate() (gas: 37643)
[PASS] testMaximumFloorDoesNotOverflowAndCanSettle() (gas: 14526762)
[PASS] testMixedOwnerBatchCannotBeStolen() (gas: 432932)
[PASS] testOneWalletCanWinAll90() (gas: 17733481)
[PASS] testOneWeiReserveHasStrictPositiveIncrements() (gas: 20904121)
[PASS] testOnlyRankChangingIncreaseExtends() (gas: 359536)
[PASS] testOverflowIncreaseRejected() (gas: 206004)
[PASS] testPagination() (gas: 467347)
[PASS] testRankHeadMiddleTailAndStableTies() (gas: 585663)
[PASS] testRefundCallbackCannotDoubleWithdraw() (gas: 1111467)
[PASS] testRefundRecipientAndFailedProceedsValidation() (gas: 435175)
[PASS] testRejectBadAuctionConfiguration() (gas: 4054118)
[PASS] testRejectBadEditionConfiguration() (gas: 1313754)
[PASS] testRejectedLaterNftRollsBackEntireBatchAndCanBeRedirected() (gas: 1499848)
[PASS] testRejectingBidderCannotBlockBiddingSettlementOrRefunds() (gas: 804444)
[PASS] testSettlementTimingAndSingleUse() (gas: 142372)
[PASS] testSingleBidIncrease() (gas: 222014)
[PASS] testSoldOutClearingIsLowestWinnerNotHighestLoser() (gas: 14669148)
[PASS] testTenMinuteExtensionsContinueBeyond24Hours() (gas: 22024436)
[PASS] testThirdPartyCannotForceDeliveryBeforeWinnerRedirects() (gas: 414647)
[PASS] testTokenCallbackCannotReenterClaims() (gas: 1129053)
[PASS] testTreasuryCannotConsumeRefunds() (gas: 572351)
[PASS] testUnauthorisedClaimRedirectionAndPayouts() (gas: 417596)
[PASS] testUnderReserveAndZeroBidsRejected() (gas: 45435)
[PASS] testUnderSubscribedTieredReserveAndIndependentRefunds() (gas: 500694)
[PASS] testUnsoldIdsCannotConsumeUnclaimedWinningNfts() (gas: 3123769)
[PASS] testUnsolicitedEtherRejected() (gas: 14858)
Suite result: ok. 43 passed; 0 failed; 0 skipped; finished in 7.83s (8.01s CPU time)

Ran 30 tests for test/RefundRecovery.t.sol:RefundRecoveryTest
[PASS] testAtomicLateSettlementAndRecoveryCannotCloseRefunds() (gas: 15261725)
[PASS] testCreditedRefundsCannotBeWithdrawnAfterRecovery() (gas: 14897225)
[PASS] testCreditingRemainsAvailableAtRecoveryEligibility() (gas: 14912797)
[PASS] testEmptyAuctionRecoveryCollectsOnlyForcedETH() (gas: 201631)
[PASS] testExtendedRefundCanBeCreditedAtOriginalEligibilityTime() (gas: 14982943)
[PASS] testFuzzRecoveryConservesClaimedRefundsAndRemainingETH(uint96,uint8,uint32,uint32) (runs: 1024, μ: 14921688, ~: 14924373)
[PASS] testLateSettlementPastUint64PreservesRecoveryDelay() (gas: 14882305)
[PASS] testLateSettlementStartsFullRecoveryDelay() (gas: 14900285)
[PASS] testNormalProceedsWithdrawalDoesNotCloseRefunds() (gas: 14913549)
[PASS] testOnlyCurrentPayoutWalletCanRecoverNotOriginalDeployer() (gas: 14900432)
[PASS] testRecoveryAfterProceedsAndPartialRefundsIncludesForcedSurplus() (gas: 14986567)
[PASS] testRecoveryAuthorityFollowsAcceptedWalletRotation() (gas: 14888819)
[PASS] testRecoveryCannotNominateAnotherWalletDuringCallback() (gas: 15542841)
[PASS] testRecoveryCannotReenterRecovery() (gas: 15542414)
[PASS] testRecoveryClosesRefundsBeforeRecipientCallback() (gas: 15063795)
[PASS] testRecoveryEligibilityFollowsTheExtendedEnd() (gas: 14878577)
[PASS] testRecoveryLeavesWinningNFTsAndTradingCreditsAvailable() (gas: 15277375)
[PASS] testRecoveryPreservesUnsoldAndReservedMintEntitlements() (gas: 3264733)
[PASS] testRecoveryPreviewTracksExtensionsUntilSettlement() (gas: 14956781)
[PASS] testRecoveryRejectsEarlyCallsWithoutFreezingRefunds() (gas: 14907756)
[PASS] testRecoveryRejectsInvalidRecipientsAndEmptyRepeat() (gas: 14792582)
[PASS] testRecoveryTransfersCreditedUncreditedRefundsAndProceeds() (gas: 14864477)
[PASS] testRefundsCanBeCreditedAndWithdrawnBeforeRecoveryEligibility() (gas: 14897704)
[PASS] testRejectedRecoveryPreservesAllAccountingForRetry() (gas: 14975769)
[PASS] testRepeatedSettlementCannotResetRecoveryDate() (gas: 14899996)
[PASS] testSettlementOnDay27GivesFull28Days() (gas: 14883199)
[PASS] testUncreditedRefundsCannotRecreateLiabilitiesAfterRecovery() (gas: 14894874)
[PASS] testUnsettledRecoveryCannotEraseWinnerAllocation() (gas: 444499)
[PASS] testWithdrawingRemainsAvailableAtRecoveryEligibility() (gas: 14887822)
[PASS] testYearsOfInactionDoNotCloseRefunds() (gas: 14894816)
Suite result: ok. 30 passed; 0 failed; 0 skipped; finished in 7.87s (8.24s CPU time)

Ran 1 test for test/AuctionInvariant.t.sol:GrowingAuctionInvariantTest
[PASS] invariant_matchesIndependentRankingAndConservesEveryWei() (runs: 256, calls: 32768, reverts: 0)

╭----------------+-------------+-------+---------+----------╮
| Contract       | Selector    | Calls | Reverts | Discards |
+===========================================================+
| AuctionHandler | advance     | 4596  | 0       | 0        |
|----------------+-------------+-------+---------+----------|
| AuctionHandler | create      | 4765  | 0       | 0        |
|----------------+-------------+-------+---------+----------|
| AuctionHandler | createBatch | 4682  | 0       | 0        |
|----------------+-------------+-------+---------+----------|
| AuctionHandler | increase    | 4663  | 0       | 0        |
|----------------+-------------+-------+---------+----------|
| AuctionHandler | reserve     | 4712  | 0       | 0        |
|----------------+-------------+-------+---------+----------|
| AuctionHandler | rotate      | 4661  | 0       | 0        |
|----------------+-------------+-------+---------+----------|
| AuctionHandler | withdraw    | 4689  | 0       | 0        |
╰----------------+-------------+-------+---------+----------╯

Suite result: ok. 1 passed; 0 failed; 0 skipped; finished in 87.08s (87.08s CPU time)

Ran 1 test for test/MarketInvariant.t.sol:MarketInvariantTest
[PASS] invariant_marketConservesTokensAndEthAndPaysRoyalties() (runs: 256, calls: 32768, reverts: 0)

╭---------------+-------------------+-------+---------+----------╮
| Contract      | Selector          | Calls | Reverts | Discards |
+================================================================+
| MarketHandler | advance           | 3651  | 0       | 0        |
|---------------+-------------------+-------+---------+----------|
| MarketHandler | approval          | 3715  | 0       | 0        |
|---------------+-------------------+-------+---------+----------|
| MarketHandler | approveToken      | 3554  | 0       | 0        |
|---------------+-------------------+-------+---------+----------|
| MarketHandler | buy               | 3722  | 0       | 0        |
|---------------+-------------------+-------+---------+----------|
| MarketHandler | cancel            | 3593  | 0       | 0        |
|---------------+-------------------+-------+---------+----------|
| MarketHandler | list              | 3631  | 0       | 0        |
|---------------+-------------------+-------+---------+----------|
| MarketHandler | rotate            | 3675  | 0       | 0        |
|---------------+-------------------+-------+---------+----------|
| MarketHandler | withdraw          | 3622  | 0       | 0        |
|---------------+-------------------+-------+---------+----------|
| MarketHandler | withdrawRoyalties | 3605  | 0       | 0        |
╰---------------+-------------------+-------+---------+----------╯

Suite result: ok. 1 passed; 0 failed; 0 skipped; finished in 122.68s (122.65s CPU time)

Ran 1 test for test/AuctionInvariant.t.sol:FullAuctionInvariantTest
[PASS] invariant_matchesIndependentRankingAndConservesEveryWei() (runs: 256, calls: 32768, reverts: 0)

╭----------------+-------------+-------+---------+----------╮
| Contract       | Selector    | Calls | Reverts | Discards |
+===========================================================+
| AuctionHandler | advance     | 4596  | 0       | 0        |
|----------------+-------------+-------+---------+----------|
| AuctionHandler | create      | 4765  | 0       | 0        |
|----------------+-------------+-------+---------+----------|
| AuctionHandler | createBatch | 4682  | 0       | 0        |
|----------------+-------------+-------+---------+----------|
| AuctionHandler | increase    | 4663  | 0       | 0        |
|----------------+-------------+-------+---------+----------|
| AuctionHandler | reserve     | 4712  | 0       | 0        |
|----------------+-------------+-------+---------+----------|
| AuctionHandler | rotate      | 4661  | 0       | 0        |
|----------------+-------------+-------+---------+----------|
| AuctionHandler | withdraw    | 4689  | 0       | 0        |
╰----------------+-------------+-------+---------+----------╯

Suite result: ok. 1 passed; 0 failed; 0 skipped; finished in 129.22s (129.12s CPU time)

Ran 17 test suites in 129.23s (376.35s CPU time): 229 tests passed, 0 failed, 0 skipped (229 total tests)
