Compiling 1 files with Solc 0.8.28
Solc 0.8.28 finished in 5.74s
Compiler run successful with warnings:
Warning (5159): "selfdestruct" has been deprecated. Note that, starting from the Cancun hard fork, the underlying opcode no longer deletes the code and data associated with an account and only transfers its Ether to the beneficiary, unless executed in the same transaction in which the contract was created (see EIP-6780). Any use in newly deployed contracts is strongly discouraged even if the new behavior is taken into account. Future changes to the EVM might further reduce the functionality of the opcode.
   --> test/TestBase.sol:147:9:
    |
147 |         selfdestruct(to);
    |         ^^^^^^^^^^^^


Ran 7 tests for test/HolderApproval.t.sol:HolderApprovalTest
[FAIL: next call did not revert as expected] testEnablingAutoApprovalBeforeMintingCannotSeizeFutureNFTs() (gas: 318811)
[FAIL: next call did not revert as expected] testEnablingAutoApprovalBeforeValidatorReplacementCannotSeize() (gas: 3124844)
[FAIL: assertion failed] testExplicitTokenApprovalStillWorksAndClearsOnTransfer() (gas: 3092663)
[FAIL: next call did not revert as expected; counterexample: calldata=0x75de7af8000000000000000000000000000000000000000000000000000000000000000400000000000000000000000000000000000000000000000000000000000000010000000000000000000000000000000000000000000000000000000000000001 args=[4, true, true]] testFuzzValidatorNeedsHolderConsent(uint8,bool,bool) (runs: 0, μ: 0, ~: 0)
[FAIL: next call did not revert as expected] testPayoutRotationCannotGrantHolderApprovals() (gas: 3163572)
[FAIL: next call did not revert as expected] testPayoutWalletCannotSeizeAnyOfThe100MintedNFTs() (gas: 3120552)
[FAIL: next call did not revert as expected] testRevokingExplicitOperatorApprovalCannotBeUndoneByTheCreator() (gas: 3217265)
Suite result: FAILED. 0 passed; 7 failed; 0 skipped; finished in 72.40ms (72.46ms CPU time)

Ran 1 test suite in 82.85ms (72.40ms CPU time): 0 tests passed, 7 failed, 0 skipped (7 total tests)

Failing tests:
Encountered 7 failing tests in test/HolderApproval.t.sol:HolderApprovalTest
[FAIL: next call did not revert as expected] testEnablingAutoApprovalBeforeMintingCannotSeizeFutureNFTs() (gas: 318811)
[FAIL: next call did not revert as expected] testEnablingAutoApprovalBeforeValidatorReplacementCannotSeize() (gas: 3124844)
[FAIL: assertion failed] testExplicitTokenApprovalStillWorksAndClearsOnTransfer() (gas: 3092663)
[FAIL: next call did not revert as expected; counterexample: calldata=0x75de7af8000000000000000000000000000000000000000000000000000000000000000400000000000000000000000000000000000000000000000000000000000000010000000000000000000000000000000000000000000000000000000000000001 args=[4, true, true]] testFuzzValidatorNeedsHolderConsent(uint8,bool,bool) (runs: 0, μ: 0, ~: 0)
[FAIL: next call did not revert as expected] testPayoutRotationCannotGrantHolderApprovals() (gas: 3163572)
[FAIL: next call did not revert as expected] testPayoutWalletCannotSeizeAnyOfThe100MintedNFTs() (gas: 3120552)
[FAIL: next call did not revert as expected] testRevokingExplicitOperatorApprovalCannotBeUndoneByTheCreator() (gas: 3217265)

Encountered a total of 7 failing tests, 0 tests succeeded

Tip: Run `forge test --rerun` to retry only the 7 failed tests

Fuzz seed: 0x2026090841 (use `--fuzz-seed` to reproduce)
